Component: ARM Compiler 5.06 update 7 (build 960) Tool: armlink [4d3601]

==============================================================================

Section Cross References

    systick.o(i.delay_1ms) refers to systick.o(.data) for delay
    systick.o(i.delay_decrement) refers to systick.o(.data) for delay
    systick.o(i.systick_config) refers to systick.o(i.NVIC_SetPriority) for NVIC_SetPriority
    systick.o(i.systick_config) refers to system_gd32f4xx.o(.data) for SystemCoreClock
    gd32f4xx_it.o(i.BusFault_Handler) refers to gd32f4xx_gpio.o(i.gpio_bit_toggle) for gpio_bit_toggle
    gd32f4xx_it.o(i.BusFault_Handler) refers to gd32f4xx_it.o(i.delay_it) for delay_it
    gd32f4xx_it.o(i.HardFault_Handler) refers to gd32f4xx_gpio.o(i.gpio_bit_toggle) for gpio_bit_toggle
    gd32f4xx_it.o(i.HardFault_Handler) refers to gd32f4xx_it.o(i.delay_it) for delay_it
    gd32f4xx_it.o(i.MemManage_Handler) refers to gd32f4xx_gpio.o(i.gpio_bit_toggle) for gpio_bit_toggle
    gd32f4xx_it.o(i.MemManage_Handler) refers to gd32f4xx_it.o(i.delay_it) for delay_it
    gd32f4xx_it.o(i.SysTick_Handler) refers to systick.o(i.delay_decrement) for delay_decrement
    gd32f4xx_it.o(i.SysTick_Handler) refers to main.o(i.software_system_time) for software_system_time
    gd32f4xx_it.o(i.UsageFault_Handler) refers to gd32f4xx_gpio.o(i.gpio_bit_toggle) for gpio_bit_toggle
    gd32f4xx_it.o(i.UsageFault_Handler) refers to gd32f4xx_it.o(i.delay_it) for delay_it
    main.o(i.EXTI2_IRQHandler) refers to gd32f4xx_exti.o(i.exti_interrupt_flag_clear) for exti_interrupt_flag_clear
    main.o(i.EXTI2_IRQHandler) refers to bsp_adc.o(i.adc_power_set) for adc_power_set
    main.o(i.EXTI2_IRQHandler) refers to bsp_adc.o(.data) for adc_state_Flag
    main.o(i.Mode_Static_Data_Read) refers to ws_drive_w25qxx.o(i.WS_W25Qxx_Read) for WS_W25Qxx_Read
    main.o(i.Mode_Static_Data_Read) refers to ws_drive_w25qxx.o(.data) for WS_W25Qxx_Chip_Type
    main.o(i.Mode_Static_Data_Read) refers to ws_drive_w25qxx.o(.bss) for W25QxxInfo
    main.o(i.Mode_Static_Data_Write) refers to ws_drive_w25qxx.o(i.WS_W25Qxx_Write) for WS_W25Qxx_Write
    main.o(i.Mode_Static_Data_Write) refers to ws_drive_w25qxx.o(.data) for WS_W25Qxx_Chip_Type
    main.o(i.Mode_Static_Data_Write) refers to ws_drive_w25qxx.o(.bss) for W25QxxInfo
    main.o(i.TIMER5_DAC_IRQHandler) refers to gd32f4xx_timer.o(i.timer_interrupt_flag_get) for timer_interrupt_flag_get
    main.o(i.TIMER5_DAC_IRQHandler) refers to gd32f4xx_timer.o(i.timer_interrupt_flag_clear) for timer_interrupt_flag_clear
    main.o(i.TIMER5_DAC_IRQHandler) refers to gd32f4xx_gpio.o(i.gpio_bit_toggle) for gpio_bit_toggle
    main.o(i.TIMER5_DAC_IRQHandler) refers to main.o(i.WS_Borad_Buzzer_Set_Freq) for WS_Borad_Buzzer_Set_Freq
    main.o(i.TIMER5_DAC_IRQHandler) refers to main.o(.data) for Mode1_flag
    main.o(i.Task_Mode1) refers to bsp_lcd.o(i.LCD_Clear) for LCD_Clear
    main.o(i.Task_Mode1) refers to bsp_lcd.o(i.WS_TFT_Dis_16X32_String) for WS_TFT_Dis_16X32_String
    main.o(i.Task_Mode1) refers to bsp_lcd.o(i.WS_TFT_Draw_Fill_Rectangle) for WS_TFT_Draw_Fill_Rectangle
    main.o(i.Task_Mode1) refers to bsp_key.o(i.read_key) for read_key
    main.o(i.Task_Mode1) refers to main.o(.data) for Mode_step
    main.o(i.Task_Mode2) refers to bsp_lcd.o(i.LCD_Clear) for LCD_Clear
    main.o(i.Task_Mode2) refers to bsp_lcd.o(i.WS_TFT_Dis_16X32_String) for WS_TFT_Dis_16X32_String
    main.o(i.Task_Mode2) refers to bsp_lcd.o(i.WS_TFT_Load_Pic_Bmp) for WS_TFT_Load_Pic_Bmp
    main.o(i.Task_Mode2) refers to bsp_lcd.o(i.WS_TFT_Draw_Fill_Rectangle) for WS_TFT_Draw_Fill_Rectangle
    main.o(i.Task_Mode2) refers to bsp_lcd.o(i.WS_TFT_Dis_8X16_String) for WS_TFT_Dis_8X16_String
    main.o(i.Task_Mode2) refers to fft.o(i.fft_arm_rfft_f32_app) for fft_arm_rfft_f32_app
    main.o(i.Task_Mode2) refers to fft.o(i.fft_get_max_amplitude_index) for fft_get_max_amplitude_index
    main.o(i.Task_Mode2) refers to fft.o(i.fft_index_get_frequnce) for fft_index_get_frequnce
    main.o(i.Task_Mode2) refers to main.o(i.show_waveform) for show_waveform
    main.o(i.Task_Mode2) refers to wb_core.o(i.WB_Format) for WB_Format
    main.o(i.Task_Mode2) refers to main.o(i.findMostFrequent) for findMostFrequent
    main.o(i.Task_Mode2) refers to bsp_key.o(i.read_key) for read_key
    main.o(i.Task_Mode2) refers to main.o(i.SpecialContrast) for SpecialContrast
    main.o(i.Task_Mode2) refers to main.o(.data) for Mode_step
    main.o(i.Task_Mode2) refers to bsp_adc.o(.data) for adc_state_Flag
    main.o(i.Task_Mode2) refers to bsp_adc.o(.bss) for adc_value
    main.o(i.Task_Mode2) refers to main.o(.bss) for Mode_data_x
    main.o(i.Task_Mode3) refers to bsp_lcd.o(i.LCD_Clear) for LCD_Clear
    main.o(i.Task_Mode3) refers to bsp_lcd.o(i.WS_TFT_Dis_16X32_String) for WS_TFT_Dis_16X32_String
    main.o(i.Task_Mode3) refers to bsp_lcd.o(i.WS_TFT_Load_Pic_Bmp) for WS_TFT_Load_Pic_Bmp
[...]
    spi4_gpio_config                         0x0800b9fd   Thumb Code    90  bsp_spi.o(i.spi4_gpio_config)
    spi4_init                                0x0800ba5d   Thumb Code    16  bsp_spi.o(i.spi4_init)
    spi4_rcu_config                          0x0800ba6d   Thumb Code    20  bsp_spi.o(i.spi4_rcu_config)
    spi_enable                               0x0800ba81   Thumb Code    10  gd32f4xx_spi.o(i.spi_enable)
    spi_i2s_data_receive                     0x0800ba8b   Thumb Code     8  gd32f4xx_spi.o(i.spi_i2s_data_receive)
    spi_i2s_data_transmit                    0x0800ba93   Thumb Code     4  gd32f4xx_spi.o(i.spi_i2s_data_transmit)
    spi_i2s_flag_get                         0x0800ba97   Thumb Code    16  gd32f4xx_spi.o(i.spi_i2s_flag_get)
    spi_init                                 0x0800baa7   Thumb Code    50  gd32f4xx_spi.o(i.spi_init)
    syscfg_exti_line_config                  0x0800bc5d   Thumb Code   166  gd32f4xx_syscfg.o(i.syscfg_exti_line_config)
    systick_config                           0x0800be0d   Thumb Code    74  systick.o(i.systick_config)
    timer_channel_output_config              0x0800be5d   Thumb Code   484  gd32f4xx_timer.o(i.timer_channel_output_config)
    timer_channel_output_mode_config         0x0800c049   Thumb Code    90  gd32f4xx_timer.o(i.timer_channel_output_mode_config)
    timer_channel_output_pulse_value_config  0x0800c0a3   Thumb Code    38  gd32f4xx_timer.o(i.timer_channel_output_pulse_value_config)
    timer_channel_output_shadow_config       0x0800c0c9   Thumb Code    90  gd32f4xx_timer.o(i.timer_channel_output_shadow_config)
    timer_deinit                             0x0800c125   Thumb Code   374  gd32f4xx_timer.o(i.timer_deinit)
    timer_disable                            0x0800c2a9   Thumb Code    10  gd32f4xx_timer.o(i.timer_disable)
    timer_enable                             0x0800c2b3   Thumb Code    10  gd32f4xx_timer.o(i.timer_enable)
    timer_init                               0x0800c2bd   Thumb Code   122  gd32f4xx_timer.o(i.timer_init)
    timer_interrupt_enable                   0x0800c355   Thumb Code     8  gd32f4xx_timer.o(i.timer_interrupt_enable)
    timer_interrupt_flag_clear               0x0800c35d   Thumb Code     6  gd32f4xx_timer.o(i.timer_interrupt_flag_clear)
    timer_interrupt_flag_get                 0x0800c363   Thumb Code    24  gd32f4xx_timer.o(i.timer_interrupt_flag_get)
    tli_dither_config                        0x0800c4f9   Thumb Code    32  gd32f4xx_tli.o(i.tli_dither_config)
    tli_enable                               0x0800c51d   Thumb Code    14  gd32f4xx_tli.o(i.tli_enable)
    tli_init                                 0x0800c6fd   Thumb Code   184  gd32f4xx_tli.o(i.tli_init)
    tli_layer_enable                         0x0800c7b9   Thumb Code    14  gd32f4xx_tli.o(i.tli_layer_enable)
    tli_layer_init                           0x0800c7c7   Thumb Code   152  gd32f4xx_tli.o(i.tli_layer_init)
    tli_reload_config                        0x0800c861   Thumb Code    30  gd32f4xx_tli.o(i.tli_reload_config)
    usart_baudrate_set                       0x0800c885   Thumb Code   224  gd32f4xx_usart.o(i.usart_baudrate_set)
    usart_data_receive                       0x0800c96d   Thumb Code    10  gd32f4xx_usart.o(i.usart_data_receive)
    usart_data_transmit                      0x0800c977   Thumb Code     8  gd32f4xx_usart.o(i.usart_data_transmit)
    usart_deinit                             0x0800c981   Thumb Code   210  gd32f4xx_usart.o(i.usart_deinit)
    usart_enable                             0x0800ca5d   Thumb Code    10  gd32f4xx_usart.o(i.usart_enable)
    usart_flag_get                           0x0800ca67   Thumb Code    30  gd32f4xx_usart.o(i.usart_flag_get)
    usart_gpio_config                        0x0800ca85   Thumb Code   210  bsp_usart.o(i.usart_gpio_config)
    usart_interrupt_enable                   0x0800cb61   Thumb Code    26  gd32f4xx_usart.o(i.usart_interrupt_enable)
    usart_interrupt_flag_clear               0x0800cb7b   Thumb Code    26  gd32f4xx_usart.o(i.usart_interrupt_flag_clear)
    usart_interrupt_flag_get                 0x0800cb95   Thumb Code    56  gd32f4xx_usart.o(i.usart_interrupt_flag_get)
    usart_parity_config                      0x0800cbcd   Thumb Code    16  gd32f4xx_usart.o(i.usart_parity_config)
    usart_receive_config                     0x0800cbdd   Thumb Code    16  gd32f4xx_usart.o(i.usart_receive_config)
    usart_send_data                          0x0800cbed   Thumb Code    42  bsp_usart.o(i.usart_send_data)
    usart_send_date_IT                       0x0800cc1d   Thumb Code    50  bsp_usart.o(i.usart_send_date_IT)
    usart_send_string                        0x0800cc61   Thumb Code    22  bsp_usart.o(i.usart_send_string)
    usart_stop_bit_set                       0x0800cc77   Thumb Code    16  gd32f4xx_usart.o(i.usart_stop_bit_set)
    usart_transmit_config                    0x0800cc87   Thumb Code    16  gd32f4xx_usart.o(i.usart_transmit_config)
    usart_word_length_set                    0x0800cc97   Thumb Code    16  gd32f4xx_usart.o(i.usart_word_length_set)
    _get_lc_numeric                          0x0800cce9   Thumb Code    44  lc_numeric_c.o(locale$$code)
    _get_lc_ctype                            0x0800cd15   Thumb Code    44  lc_ctype_c.o(locale$$code)
    __aeabi_d2f                              0x0800cd41   Thumb Code     0  d2f_clz.o(x$fpl$d2f)
    _d2f                                     0x0800cd41   Thumb Code   700  d2f_clz.o(x$fpl$d2f)
    __aeabi_ddiv                             0x0800d005   Thumb Code     0  ddiv_clz.o(x$fpl$ddiv)
    _ddiv                                    0x0800d005   Thumb Code   748  ddiv_clz.o(x$fpl$ddiv)
    __dflt_normalise                         0x0800d381   Thumb Code    26  dflt_clz.o(x$fpl$dfltn)
    __aeabi_ui2d                             0x0800d39b   Thumb Code     0  dflt_clz.o(x$fpl$dfltu)
    _dfltu                                   0x0800d39b   Thumb Code    38  dflt_clz.o(x$fpl$dfltu)
    __aeabi_dmul                             0x0800d3c1   Thumb Code     0  dmul_clz.o(x$fpl$dmul)
    _dmul                                    0x0800d3c1   Thumb Code   440  dmul_clz.o(x$fpl$dmul)
    __fpl_dnaninf                            0x0800d581   Thumb Code   258  dnaninf.o(x$fpl$dnaninf)
    __fpl_drenorm2                           0x0800d683   Thumb Code   106  drenorm_clz.o(x$fpl$drenorm)
    __fpl_drenorm1                           0x0800d6ed   Thumb Code     6  drenorm_clz.o(x$fpl$drenorm)
    __fpl_dretinf                            0x0800d6f3   Thumb Code    12  dretinf.o(x$fpl$dretinf)
    __dunder                                 0x0800d6ff   Thumb Code   314  dunder_clz.o(x$fpl$dunder)
    __dunder_d                               0x0800d839   Thumb Code    64  dunder_clz.o(x$fpl$dunder)
    __fpl_exception                          0x0800d879   Thumb Code   454  except.o(x$fpl$exception)
    __aeabi_f2d                              0x0800da65   Thumb Code     0  f2d.o(x$fpl$f2d)
    _f2d                                     0x0800da65   Thumb Code   122  f2d.o(x$fpl$f2d)
    __fpl_fnaninf                            0x0800dadf   Thumb Code   242  fnaninf.o(x$fpl$fnaninf)
    _fp_init                                 0x0800dbd1   Thumb Code    10  fpinit.o(x$fpl$fpinit)
    __fplib_config_fpu_vfp                   0x0800dbd9   Thumb Code     0  fpinit.o(x$fpl$fpinit)
    __fplib_config_pureend_doubles           0x0800dbd9   Thumb Code     0  fpinit.o(x$fpl$fpinit)
    __fpl_fretinf                            0x0800dbdb   Thumb Code    10  fretinf.o(x$fpl$fretinf)
    __funder                                 0x0800dbe5   Thumb Code   254  funder_clz.o(x$fpl$funder)
    __funder_d                               0x0800dce3   Thumb Code    62  funder_clz.o(x$fpl$funder)
    __ieee_status                            0x0800dd21   Thumb Code    28  istatus.o(x$fpl$ieeestatus)
    _printf_fp_dec                           0x0800dd41   Thumb Code     4  printf1.o(x$fpl$printf1)
    _printf_fp_hex                           0x0800dd45   Thumb Code     4  printf2.o(x$fpl$printf2)
    __fpl_return_NaN                         0x0800dd49   Thumb Code   178  retnan.o(x$fpl$retnan)
    _fp_trapveneer                           0x0800ddfb   Thumb Code    36  trapv.o(x$fpl$trapveneer)
    __fpl_cmpreturn                          0x0800de1f   Thumb Code    90  trapv.o(x$fpl$trapveneer)
    __I$use$fp                               0x0800de78   Number         0  usenofp.o(x$fpl$usenofp)
    string8X16Code                           0x0800de82   Data        1520  bsp_lcd.o(.constdata)
    ascii12X24Code                           0x0800e472   Data        4512  bsp_lcd.o(.constdata)
    ascii16X32Code                           0x0800f612   Data        6016  bsp_lcd.o(.constdata)
    loadConfigFileInfo                       0x08010d94   Data          36  ws_drive_w25qxx.o(.constdata)
    twiddleCoef_16                           0x08011334   Data         128  arm_common_tables.o(.constdata)
    twiddleCoef_32                           0x080113b4   Data         256  arm_common_tables.o(.constdata)
    twiddleCoef_64                           0x080114b4   Data         512  arm_common_tables.o(.constdata)
    twiddleCoef_128                          0x080116b4   Data        1024  arm_common_tables.o(.constdata)
    twiddleCoef_256                          0x08011ab4   Data        2048  arm_common_tables.o(.constdata)
    twiddleCoef_512                          0x080122b4   Data        4096  arm_common_tables.o(.constdata)
    twiddleCoef_1024                         0x080132b4   Data        8192  arm_common_tables.o(.constdata)
    twiddleCoef_2048                         0x080152b4   Data       16384  arm_common_tables.o(.constdata)
    armBitRevIndexTable16                    0x080192b4   Data          40  arm_common_tables.o(.constdata)
    armBitRevIndexTable32                    0x080192dc   Data          96  arm_common_tables.o(.constdata)
    armBitRevIndexTable64                    0x0801933c   Data         112  arm_common_tables.o(.constdata)
    armBitRevIndexTable128                   0x080193ac   Data         416  arm_common_tables.o(.constdata)
    armBitRevIndexTable256                   0x0801954c   Data         880  arm_common_tables.o(.constdata)
    armBitRevIndexTable512                   0x080198bc   Data         896  arm_common_tables.o(.constdata)
    armBitRevIndexTable1024                  0x08019c3c   Data        3600  arm_common_tables.o(.constdata)
    armBitRevIndexTable2048                  0x0801aa4c   Data        7616  arm_common_tables.o(.constdata)
    twiddleCoef_rfft_32                      0x0801c80c   Data         128  arm_common_tables.o(.constdata)
    twiddleCoef_rfft_64                      0x0801c88c   Data         256  arm_common_tables.o(.constdata)
    twiddleCoef_rfft_128                     0x0801c98c   Data         512  arm_common_tables.o(.constdata)
    twiddleCoef_rfft_256                     0x0801cb8c   Data        1024  arm_common_tables.o(.constdata)
    twiddleCoef_rfft_512                     0x0801cf8c   Data        2048  arm_common_tables.o(.constdata)
    twiddleCoef_rfft_1024                    0x0801d78c   Data        4096  arm_common_tables.o(.constdata)
    twiddleCoef_rfft_2048                    0x0801e78c   Data        8192  arm_common_tables.o(.constdata)
    twiddleCoef_rfft_4096                    0x0802078c   Data       16384  arm_common_tables.o(.constdata)
    Region$$Table$$Base                      0x080248b0   Number         0  anon$$obj.o(Region$$Table)
    Region$$Table$$Limit                     0x080248d0   Number         0  anon$$obj.o(Region$$Table)
    __ctype                                  0x080248f9   Data           0  lc_ctype_c.o(locale$$data)
    software_200ms_Flag                      0x20000004   Data           1  main.o(.data)
    software_500ms_Flag                      0x20000005   Data           1  main.o(.data)
    mode_operation_Flag                      0x20000006   Data           1  main.o(.data)
    Show_state                               0x20000007   Data           1  main.o(.data)
    Mode_state                               0x20000008   Data           1  main.o(.data)
    Mode_step                                0x20000009   Data           1  main.o(.data)
    Mode1_flag                               0x2000000a   Data           1  main.o(.data)
    Frequency_time                           0x2000000c   Data           2  main.o(.data)
    Frequency_flag                           0x2000000e   Data           2  main.o(.data)
    RhythmTabl                               0x20000010   Data          72  main.o(.data)
    two_tigers                               0x20000058   Data          72  main.o(.data)
    Buzzer_count                             0x200000a0   Data           2  main.o(.data)
    Buzzer_flag                              0x200000a2   Data           1  main.o(.data)
    usart_rx_length                          0x200000b4   Data           2  bsp_usart.o(.data)
    usart_rx_flag                            0x200000b6   Data           1  bsp_usart.o(.data)
    p_Usart1TxBuffer                         0x200000b8   Data           4  bsp_usart.o(.data)
    usart1TxLength                           0x200000bc   Data           2  bsp_usart.o(.data)
    usart1TxCount                            0x200000be   Data           2  bsp_usart.o(.data)
    loopCount                                0x200000c0   Data           2  bsp_usart.o(.data)
    loopTxCount                              0x200000c2   Data           2  bsp_usart.o(.data)
    sd_scr                                   0x200000c4   Data           8  sdcard.o(.data)
    sd_status                                0x200000e8   Data           1  bsp_sdcard.o(.data)
    POINT_COLOR                              0x200000ec   Data           2  bsp_lcd.o(.data)
    BACK_COLOR                               0x200000ee   Data           2  bsp_lcd.o(.data)
    ltdc_framebuf                            0x200000f0   Data           8  bsp_lcd.o(.data)
    WS_W25Qxx_Chip_Type                      0x200000f8   Data           2  ws_drive_w25qxx.o(.data)
    ifftFlag                                 0x200000fc   Data           4  fft.o(.data)
    fftSize                                  0x20000100   Data           4  fft.o(.data)
    adc_state_Flag                           0x20000104   Data           1  bsp_adc.o(.data)
    SystemCoreClock                          0x20000108   Data           4  system_gd32f4xx.o(.data)
    SD_Driver                                0x20000118   Data          20  sd_diskio.o(.data)
    retSD                                    0x2000012c   Data           1  fatfs.o(.data)
    SDPath                                   0x2000012d   Data           4  fatfs.o(.data)
    fatfs_mount_fresult                      0x20000131   Data           1  fatfs.o(.data)
    Mode_data                                0x20000134   Data          32  main.o(.bss)
    Mode_data_x                              0x20000154   Data          32  main.o(.bss)
    usart_rx_buff                            0x20000174   Data        4096  bsp_usart.o(.bss)
    debugBuf                                 0x20001174   Data        1280  bsp_usart.o(.bss)
    sd_cardinfo                              0x20001694   Data          72  bsp_sdcard.o(.bss)
    tli_clk                                  0x200016dc   Data          16  bsp_lcd.o(.bss)
    font_buffer                              0x200016ec   Data        1280  bsp_lcd.o(.bss)
    bmp                                      0x20001bec   Data          56  bsp_lcd.o(.bss)
    W25QxxInfo                               0x20001d50   Data          28  ws_drive_w25qxx.o(.bss)
    W25QxxWriteBuffer                        0x20001d6c   Data        4096  ws_drive_w25qxx.o(.bss)
    formatBuf                                0x20003d6d   Data         512  wb_core.o(.bss)
    testOutputMag_f32                        0x2000bf70   Data       32768  fft.o(.bss)
    adc_value                                0x20023f70   Data       10000  bsp_adc.o(.bss)
    disk                                     0x20026698   Data          12  ff_gen_drv.o(.bss)
    SDFatFS                                  0x200266a4   Data         560  fatfs.o(.bss)
    SDFile                                   0x200268d4   Data         556  fatfs.o(.bss)
    __libspace_start                         0x20026b00   Data          96  libspace.o(.bss)
    __temporary_stack_top$libspace           0x20026b60   Data           0  libspace.o(.bss)
    ltdc_lcd_framebuf0                       0xc0000000   Data       768000  bsp_lcd.o(.ARM.__AT_0xC0000000)
    ltdc_lcd_framebuf1                       0xc00bb800   Data       768000  bsp_lcd.o(.ARM.__AT_0xC00BB800)



==============================================================================

Memory Map of the image

  Image Entry point : 0x080001ad

  Load Region LR_IROM1 (Base: 0x08000000, Size: 0x00024b30, Max: 0x00100000, ABSOLUTE, COMPRESSED[0x00024a90])

    Execution Region ER_IROM1 (Exec base: 0x08000000, Load base: 0x08000000, Size: 0x000249fc, Max: 0x00100000, ABSOLUTE)

    Exec Addr    Load Addr    Size         Type   Attr      Idx    E Section Name        Object

    0x08000000   0x08000000   0x000001ac   Data   RO         5306    RESET               startup_gd32f450_470.o
    0x080001ac   0x080001ac   0x00000008   Code   RO         6228  * !!!main             c_w.l(__main.o)
    0x080001b4   0x080001b4   0x00000034   Code   RO         6606    !!!scatter          c_w.l(__scatter.o)
    0x080001e8   0x080001e8   0x0000005a   Code   RO         6604    !!dczerorl2         c_w.l(__dczerorl2.o)
    0x08000242   0x08000242   0x00000002   PAD
    0x08000244   0x08000244   0x0000001c   Code   RO         6608    !!handler_zi        c_w.l(__scatter_zi.o)
    0x08000260   0x08000260   0x000000c0   Code   RO         6178    . text              arm_cortexM4lf_math.lib(arm_bitreversal2.o)
    0x08000320   0x08000320   0x00000000   Code   RO         6215    .ARM.Collect$$_printf_percent$$00000000  c_w.l(_printf_percent.o)
    0x08000320   0x08000320   0x00000006   Code   RO         6308    .ARM.Collect$$_printf_percent$$00000001  c_w.l(_printf_n.o)
    0x08000326   0x08000326   0x00000006   Code   RO         6310    .ARM.Collect$$_printf_percent$$00000002  c_w.l(_printf_p.o)
    0x0800032c   0x0800032c   0x00000006   Code   RO         6315    .ARM.Collect$$_printf_percent$$00000003  c_w.l(_printf_f.o)
    0x08000332   0x08000332   0x00000006   Code   RO         6316    .ARM.Collect$$_printf_percent$$00000004  c_w.l(_printf_e.o)
    0x08000338   0x08000338   0x00000006   Code   RO         6317    .ARM.Collect$$_printf_percent$$00000005  c_w.l(_printf_g.o)
    0x0800033e   0x0800033e   0x00000006   Code   RO         6318    .ARM.Collect$$_printf_percent$$00000006  c_w.l(_printf_a.o)
    0x08000344   0x08000344   0x0000000a   Code   RO         6323    .ARM.Collect$$_printf_percent$$00000007  c_w.l(_printf_ll.o)
    0x0800034e   0x0800034e   0x00000006   Code   RO         6312    .ARM.Collect$$_printf_percent$$00000008  c_w.l(_printf_i.o)
    0x08000354   0x08000354   0x00000006   Code   RO         6313    .ARM.Collect$$_printf_percent$$00000009  c_w.l(_printf_d.o)
    0x0800035a   0x0800035a   0x00000006   Code   RO         6314    .ARM.Collect$$_printf_percent$$0000000A  c_w.l(_printf_u.o)
    0x08000360   0x08000360   0x00000006   Code   RO         6311    .ARM.Collect$$_printf_percent$$0000000B  c_w.l(_printf_o.o)
    0x08000366   0x08000366   0x00000006   Code   RO         6309    .ARM.Collect$$_printf_percent$$0000000C  c_w.l(_printf_x.o)
    0x0800036c   0x0800036c   0x00000006   Code   RO         6320    .ARM.Collect$$_printf_percent$$0000000D  c_w.l(_printf_lli.o)
    0x08000372   0x08000372   0x00000006   Code   RO         6321    .ARM.Collect$$_printf_percent$$0000000E  c_w.l(_printf_lld.o)
    0x08000378   0x08000378   0x00000006   Code   RO         6322    .ARM.Collect$$_printf_percent$$0000000F  c_w.l(_printf_llu.o)
    0x0800037e   0x0800037e   0x00000006   Code   RO         6327    .ARM.Collect$$_printf_percent$$00000010  c_w.l(_printf_llo.o)
    0x08000384   0x08000384   0x00000006   Code   RO         6328    .ARM.Collect$$_printf_percent$$00000011  c_w.l(_printf_llx.o)
    0x0800038a   0x0800038a   0x0000000a   Code   RO         6324    .ARM.Collect$$_printf_percent$$00000012  c_w.l(_printf_l.o)
    0x08000394   0x08000394   0x00000006   Code   RO         6307    .ARM.Collect$$_printf_percent$$00000013  c_w.l(_printf_c.o)
    0x0800039a   0x0800039a   0x00000006   Code   RO         6214    .ARM.Collect$$_printf_percent$$00000014  c_w.l(_printf_s.o)
    0x080003a0   0x080003a0   0x00000006   Code   RO         6325    .ARM.Collect$$_printf_percent$$00000015  c_w.l(_printf_lc.o)
    0x080003a6   0x080003a6   0x00000006   Code   RO         6326    .ARM.Collect$$_printf_percent$$00000016  c_w.l(_printf_ls.o)
    0x080003ac   0x080003ac   0x00000004   Code   RO         6319    .ARM.Collect$$_printf_percent$$00000017  c_w.l(_printf_percent_end.o)
    0x080003b0   0x080003b0   0x00000002   Code   RO         6466    .ARM.Collect$$libinit$$00000000  c_w.l(libinit.o)
    0x080003b2   0x080003b2   0x00000004   Code   RO         6484    .ARM.Collect$$libinit$$00000001  c_w.l(libinit2.o)
    0x080003b6   0x080003b6   0x00000000   Code   RO         6487    .ARM.Collect$$libinit$$00000004  c_w.l(libinit2.o)
    0x080003b6   0x080003b6   0x00000000   Code   RO         6490    .ARM.Collect$$libinit$$0000000A  c_w.l(libinit2.o)
    0x080003b6   0x080003b6   0x00000000   Code   RO         6492    .ARM.Collect$$libinit$$0000000C  c_w.l(libinit2.o)
    0x080003b6   0x080003b6   0x00000000   Code   RO         6494    .ARM.Collect$$libinit$$0000000E  c_w.l(libinit2.o)
    0x080003b6   0x080003b6   0x00000006   Code   RO         6495    .ARM.Collect$$libinit$$0000000F  c_w.l(libinit2.o)
    0x080003bc   0x080003bc   0x00000000   Code   RO         6497    .ARM.Collect$$libinit$$00000011  c_w.l(libinit2.o)
    0x080003bc   0x080003bc   0x0000000c   Code   RO         6498    .ARM.Collect$$libinit$$00000012  c_w.l(libinit2.o)
    0x080003c8   0x080003c8   0x00000000   Code   RO         6499    .ARM.Collect$$libinit$$00000013  c_w.l(libinit2.o)
    0x080003c8   0x080003c8   0x00000000   Code   RO         6501    .ARM.Collect$$libinit$$00000015  c_w.l(libinit2.o)
    0x080003c8   0x080003c8   0x0000000a   Code   RO         6502    .ARM.Collect$$libinit$$00000016  c_w.l(libinit2.o)
    0x080003d2   0x080003d2   0x00000000   Code   RO         6503    .ARM.Collect$$libinit$$00000017  c_w.l(libinit2.o)
    0x080003d2   0x080003d2   0x00000000   Code   RO         6505    .ARM.Collect$$libinit$$00000019  c_w.l(libinit2.o)
    0x080003d2   0x080003d2   0x00000000   Code   RO         6507    .ARM.Collect$$libinit$$0000001B  c_w.l(libinit2.o)
    0x080003d2   0x080003d2   0x00000000   Code   RO         6509    .ARM.Collect$$libinit$$0000001D  c_w.l(libinit2.o)
    0x080003d2   0x080003d2   0x00000000   Code   RO         6511    .ARM.Collect$$libinit$$0000001F  c_w.l(libinit2.o)
    0x080003d2   0x080003d2   0x00000000   Code   RO         6513    .ARM.Collect$$libinit$$00000021  c_w.l(libinit2.o)
    0x080003d2   0x080003d2   0x00000000   Code   RO         6515    .ARM.Collect$$libinit$$00000023  c_w.l(libinit2.o)
    0x080003d2   0x080003d2   0x00000000   Code   RO         6517    .ARM.Collect$$libinit$$00000025  c_w.l(libinit2.o)
    0x080003d2   0x080003d2   0x00000000   Code   RO         6521    .ARM.Collect$$libinit$$0000002C  c_w.l(libinit2.o)
    0x080003d2   0x080003d2   0x00000000   Code   RO         6523    .ARM.Collect$$libinit$$0000002E  c_w.l(libinit2.o)
    0x080003d2   0x080003d2   0x00000000   Code   RO         6525    .ARM.Collect$$libinit$$00000030  c_w.l(libinit2.o)
    0x080003d2   0x080003d2   0x00000000   Code   RO         6527    .ARM.Collect$$libinit$$00000032  c_w.l(libinit2.o)
    0x080003d2   0x080003d2   0x00000002   Code   RO         6528    .ARM.Collect$$libinit$$00000033  c_w.l(libinit2.o)
    0x080003d4   0x080003d4   0x00000002   Code   RO         6559    .ARM.Collect$$libshutdown$$00000000  c_w.l(libshutdown.o)
    0x080003d6   0x080003d6   0x00000000   Code   RO         6585    .ARM.Collect$$libshutdown$$00000002  c_w.l(libshutdown2.o)
    0x080003d6   0x080003d6   0x00000000   Code   RO         6587    .ARM.Collect$$libshutdown$$00000004  c_w.l(libshutdown2.o)
    0x080003d6   0x080003d6   0x00000000   Code   RO         6589    .ARM.Collect$$libshutdown$$00000006  c_w.l(libshutdown2.o)
    0x080003d6   0x080003d6   0x00000000   Code   RO         6592    .ARM.Collect$$libshutdown$$00000009  c_w.l(libshutdown2.o)
    0x080003d6   0x080003d6   0x00000000   Code   RO         6595    .ARM.Collect$$libshutdown$$0000000C  c_w.l(libshutdown2.o)
    0x080003d6   0x080003d6   0x00000000   Code   RO         6597    .ARM.Collect$$libshutdown$$0000000E  c_w.l(libshutdown2.o)
    0x080003d6   0x080003d6   0x00000000   Code   RO         6600    .ARM.Collect$$libshutdown$$00000011  c_w.l(libshutdown2.o)
    0x080003d6   0x080003d6   0x00000002   Code   RO         6601    .ARM.Collect$$libshutdown$$00000012  c_w.l(libshutdown2.o)
    0x080003d8   0x080003d8   0x00000000   Code   RO         6258    .ARM.Collect$$rtentry$$00000000  c_w.l(__rtentry.o)
    0x080003d8   0x080003d8   0x00000000   Code   RO         6375    .ARM.Collect$$rtentry$$00000002  c_w.l(__rtentry2.o)
    0x080003d8   0x080003d8   0x00000006   Code   RO         6387    .ARM.Collect$$rtentry$$00000004  c_w.l(__rtentry4.o)
    0x080003de   0x080003de   0x00000000   Code   RO         6377    .ARM.Collect$$rtentry$$00000009  c_w.l(__rtentry2.o)
    0x080003de   0x080003de   0x00000004   Code   RO         6378    .ARM.Collect$$rtentry$$0000000A  c_w.l(__rtentry2.o)
    0x080003e2   0x080003e2   0x00000000   Code   RO         6380    .ARM.Collect$$rtentry$$0000000C  c_w.l(__rtentry2.o)
    0x080003e2   0x080003e2   0x00000008   Code   RO         6381    .ARM.Collect$$rtentry$$0000000D  c_w.l(__rtentry2.o)
    0x080003ea   0x080003ea   0x00000002   Code   RO         6471    .ARM.Collect$$rtexit$$00000000  c_w.l(rtexit.o)
    0x080003ec   0x080003ec   0x00000000   Code   RO         6532    .ARM.Collect$$rtexit$$00000002  c_w.l(rtexit2.o)
    0x080003ec   0x080003ec   0x00000004   Code   RO         6533    .ARM.Collect$$rtexit$$00000003  c_w.l(rtexit2.o)
    0x080003f0   0x080003f0   0x00000006   Code   RO         6534    .ARM.Collect$$rtexit$$00000004  c_w.l(rtexit2.o)
    0x080003f6   0x080003f6   0x00000002   PAD
    0x080003f8   0x080003f8   0x00000040   Code   RO         5307    .text               startup_gd32f450_470.o
    0x08000438   0x08000438   0x000000fc   Code   RO         5943    .text               arm_cortexM4lf_math.lib(arm_cmplx_mag_f32.o)
    0x08000534   0x08000534   0x00000192   Code   RO         5995    .text               arm_cortexM4lf_math.lib(arm_rfft_fast_f32.o)
    0x080006c6   0x080006c6   0x00000002   PAD
    0x080006c8   0x080006c8   0x00000128   Code   RO         6023    .text               arm_cortexM4lf_math.lib(arm_rfft_fast_init_f32.o)
    0x080007f0   0x080007f0   0x00000722   Code   RO         6051    .text               arm_cortexM4lf_math.lib(arm_cfft_f32.o)
    0x08000f12   0x08000f12   0x00000002   PAD
    0x08000f14   0x08000f14   0x000004dc   Code   RO         6157    .text               arm_cortexM4lf_math.lib(arm_cfft_radix8_f32.o)
    0x080013f0   0x080013f0   0x00000024   Code   RO         6184    .text               c_w.l(vsprintf.o)
    0x08001414   0x08001414   0x0000002c   Code   RO         6186    .text               c_w.l(__2sprintf.o)
    0x08001440   0x08001440   0x00000052   Code   RO         6192    .text               c_w.l(_printf_str.o)
    0x08001492   0x08001492   0x00000002   PAD
    0x08001494   0x08001494   0x00000188   Code   RO         6211    .text               c_w.l(__printf_flags_ss_wp.o)
    0x0800161c   0x0800161c   0x00000058   Code   RO         6218    .text               c_w.l(memcmp.o)
    0x08001674   0x08001674   0x0000003e   Code   RO         6220    .text               c_w.l(strlen.o)
    0x080016b2   0x080016b2   0x0000008a   Code   RO         6222    .text               c_w.l(rt_memcpy_v6.o)
    0x0800173c   0x0800173c   0x0000004e   Code   RO         6224    .text               c_w.l(rt_memclr_w.o)
    0x0800178a   0x0800178a   0x00000006   Code   RO         6226    .text               c_w.l(heapauxi.o)
    0x08001790   0x08001790   0x00000016   Code   RO         6259    .text               c_w.l(_rserrno.o)
    0x080017a6   0x080017a6   0x0000004e   Code   RO         6261    .text               c_w.l(_printf_pad.o)
    0x080017f4   0x080017f4   0x00000024   Code   RO         6263    .text               c_w.l(_printf_truncate.o)
    0x08001818   0x08001818   0x00000078   Code   RO         6265    .text               c_w.l(_printf_dec.o)
    0x08001890   0x08001890   0x00000028   Code   RO         6267    .text               c_w.l(_printf_charcount.o)
    0x080018b8   0x080018b8   0x00000030   Code   RO         6269    .text               c_w.l(_printf_char_common.o)
    0x080018e8   0x080018e8   0x0000000a   Code   RO         6271    .text               c_w.l(_sputc.o)
    0x080018f2   0x080018f2   0x0000002c   Code   RO         6273    .text               c_w.l(_printf_char.o)
    0x0800191e   0x0800191e   0x00000002   PAD
    0x08001920   0x08001920   0x000000bc   Code   RO         6275    .text               c_w.l(_printf_wctomb.o)
    0x080019dc   0x080019dc   0x0000007c   Code   RO         6278    .text               c_w.l(_printf_longlong_dec.o)
    0x08001a58   0x08001a58   0x00000070   Code   RO         6284    .text               c_w.l(_printf_oct_int_ll.o)
    0x08001ac8   0x08001ac8   0x00000094   Code   RO         6304    .text               c_w.l(_printf_hex_int_ll_ptr.o)
    0x08001b5c   0x08001b5c   0x00000064   Code   RO         6329    .text               c_w.l(rt_memcpy_w.o)
    0x08001bc0   0x08001bc0   0x00000008   Code   RO         6392    .text               c_w.l(rt_errno_addr_intlibspace.o)
    0x08001bc8   0x08001bc8   0x0000008a   Code   RO         6394    .text               c_w.l(lludiv10.o)
    0x08001c52   0x08001c52   0x00000002   PAD
    0x08001c54   0x08001c54   0x00000030   Code   RO         6396    .text               c_w.l(_fptrap.o)
    0x08001c84   0x08001c84   0x000000b2   Code   RO         6398    .text               c_w.l(_printf_intcommon.o)
    0x08001d36   0x08001d36   0x0000041e   Code   RO         6400    .text               c_w.l(_printf_fp_dec.o)
    0x08002154   0x08002154   0x000002fc   Code   RO         6402    .text               c_w.l(_printf_fp_hex.o)
    0x08002450   0x08002450   0x0000002c   Code   RO         6407    .text               c_w.l(_printf_wchar.o)
    0x0800247c   0x0800247c   0x00000040   Code   RO         6409    .text               c_w.l(_wcrtomb.o)
    0x080024bc   0x080024bc   0x00000008   Code   RO         6413    .text               c_w.l(libspace.o)
    0x080024c4   0x080024c4   0x0000004a   Code   RO         6416    .text               c_w.l(sys_stackheap_outer.o)
    0x0800250e   0x0800250e   0x00000002   PAD
    0x08002510   0x08002510   0x00000010   Code   RO         6418    .text               c_w.l(rt_ctype_table.o)
    0x08002520   0x08002520   0x00000008   Code   RO         6423    .text               c_w.l(rt_locale_intlibspace.o)
    0x08002528   0x08002528   0x00000080   Code   RO         6425    .text               c_w.l(_printf_fp_infnan.o)
    0x080025a8   0x080025a8   0x000000e4   Code   RO         6427    .text               c_w.l(bigflt0.o)
    0x0800268c   0x0800268c   0x00000012   Code   RO         6455    .text               c_w.l(exit.o)
    0x0800269e   0x0800269e   0x0000000e   Code   RO         6457    .text               c_w.l(defsig_fpe_outer.o)
    0x080026ac   0x080026ac   0x0000000a   Code   RO         6478    .text               c_w.l(defsig_exit.o)
    0x080026b6   0x080026b6   0x00000002   PAD
    0x080026b8   0x080026b8   0x000000ac   Code   RO         6480    .text               c_w.l(defsig_fpe_inner.o)
    0x08002764   0x08002764   0x00000080   Code   RO         6482    .text               c_w.l(strcmpv7m.o)
    0x080027e4   0x080027e4   0x0000000c   Code   RO         6529    .text               c_w.l(sys_exit.o)
    0x080027f0   0x080027f0   0x00000032   Code   RO         6540    .text               c_w.l(defsig_general.o)
    0x08002822   0x08002822   0x0000000e   Code   RO         6546    .text               c_w.l(sys_wrch.o)
    0x08002830   0x08002830   0x00000002   Code   RO         6548    .text               c_w.l(use_no_semi.o)
    0x08002832   0x08002832   0x00000000   Code   RO         6550    .text               c_w.l(indicate_semi.o)
    0x08002832   0x08002832   0x0000003e   Code   RO         6430    CL$$btod_d2e        c_w.l(btod.o)
    0x08002870   0x08002870   0x00000046   Code   RO         6432    CL$$btod_d2e_denorm_low  c_w.l(btod.o)
    0x080028b6   0x080028b6   0x00000060   Code   RO         6431    CL$$btod_d2e_norm_op1  c_w.l(btod.o)
    0x08002916   0x08002916   0x00000338   Code   RO         6440    CL$$btod_div_common  c_w.l(btod.o)
    0x08002c4e   0x08002c4e   0x000000dc   Code   RO         6437    CL$$btod_e2e        c_w.l(btod.o)
    0x08002d2a   0x08002d2a   0x0000002a   Code   RO         6434    CL$$btod_ediv       c_w.l(btod.o)
    0x08002d54   0x08002d54   0x0000002a   Code   RO         6433    CL$$btod_emul       c_w.l(btod.o)
    0x08002d7e   0x08002d7e   0x00000244   Code   RO         6439    CL$$btod_mult_common  c_w.l(btod.o)
    0x08002fc2   0x08002fc2   0x00000002   PAD
    0x08002fc4   0x08002fc4   0x00000014   Code   RO          165    i.BusFault_Handler  gd32f4xx_it.o
    0x08002fd8   0x08002fd8   0x00000024   Code   RO         1735    i.DMA1_Channel0_IRQHandler  bsp_adc.o
    0x08002ffc   0x08002ffc   0x00000020   Code   RO          748    i.DMA1_Channel2_IRQHandler  bsp_dma.o
    0x0800301c   0x0800301c   0x0000003c   Code   RO          619    i.Debug             bsp_usart.o
    0x08003058   0x08003058   0x00000002   Code   RO          166    i.DebugMon_Handler  gd32f4xx_it.o
    0x0800305a   0x0800305a   0x00000002   PAD
    0x0800305c   0x0800305c   0x00000050   Code   RO          620    i.Debug_Loop_Transmit  bsp_usart.o
    0x080030ac   0x080030ac   0x0000001c   Code   RO          363    i.EXTI2_IRQHandler  main.o
    0x080030c8   0x080030c8   0x00000012   Code   RO         5755    i.FATFS_LinkDriver  ff_gen_drv.o
    0x080030da   0x080030da   0x00000002   PAD
    0x080030dc   0x080030dc   0x00000054   Code   RO         5756    i.FATFS_LinkDriverEx  ff_gen_drv.o
    0x08003130   0x08003130   0x00000014   Code   RO          167    i.HardFault_Handler  gd32f4xx_it.o
    0x08003144   0x08003144   0x0000002c   Code   RO         1083    i.LCD_Clear         bsp_lcd.o
    0x08003170   0x08003170   0x00000034   Code   RO         1084    i.LTDC_Draw_Point   bsp_lcd.o
    0x080031a4   0x080031a4   0x0000001c   Code   RO         5905    i.MX_FATFS_Init     fatfs.o
    0x080031c0   0x080031c0   0x00000014   Code   RO          168    i.MemManage_Handler  gd32f4xx_it.o
    0x080031d4   0x080031d4   0x00000028   Code   RO          364    i.Mode_Static_Data_Read  main.o
    0x080031fc   0x080031fc   0x00000028   Code   RO          365    i.Mode_Static_Data_Write  main.o
    0x08003224   0x08003224   0x00000002   Code   RO          169    i.NMI_Handler       gd32f4xx_it.o
    0x08003226   0x08003226   0x00000002   PAD
    0x08003228   0x08003228   0x00000028   Code   RO            3    i.NVIC_SetPriority  systick.o
    0x08003250   0x08003250   0x00000002   Code   RO          170    i.PendSV_Handler    gd32f4xx_it.o
    0x08003252   0x08003252   0x00000002   PAD
    0x08003254   0x08003254   0x000000bc   Code   RO         1491    i.PowerPhaseRadians_f32  fft.o
    0x08003310   0x08003310   0x00000024   Code   RO         1085    i.RGB888ToRGB555    bsp_lcd.o
    0x08003334   0x08003334   0x00000028   Code   RO         5855    i.SD_initialize     sd_diskio.o
    0x0800335c   0x0800335c   0x00000060   Code   RO         5856    i.SD_ioctl          sd_diskio.o
    0x080033bc   0x080033bc   0x0000003c   Code   RO         5857    i.SD_read           sd_diskio.o
    0x080033f8   0x080033f8   0x00000028   Code   RO         5858    i.SD_status         sd_diskio.o
    0x08003420   0x08003420   0x0000003c   Code   RO         5859    i.SD_write          sd_diskio.o
    0x0800345c   0x0800345c   0x00000002   Code   RO          171    i.SVC_Handler       gd32f4xx_it.o
    0x0800345e   0x0800345e   0x00000026   Code   RO          366    i.SpecialContrast   main.o
    0x08003484   0x08003484   0x0000000c   Code   RO          172    i.SysTick_Handler   gd32f4xx_it.o
    0x08003490   0x08003490   0x000000c8   Code   RO         5265    i.SystemInit        system_gd32f4xx.o
    0x08003558   0x08003558   0x000000b8   Code   RO          367    i.TIMER5_DAC_IRQHandler  main.o
    0x08003610   0x08003610   0x000000b0   Code   RO          592    i.Task_Led_Test     bsp_led.o
    0x080036c0   0x080036c0   0x0000013c   Code   RO          368    i.Task_Mode1        main.o
    0x080037fc   0x080037fc   0x00000494   Code   RO          369    i.Task_Mode2        main.o
    0x08003c90   0x08003c90   0x000004b8   Code   RO          370    i.Task_Mode3        main.o
    0x08004148   0x08004148   0x000004a4   Code   RO          371    i.Task_Mode4        main.o
    0x080045ec   0x080045ec   0x0000027c   Code   RO          372    i.Task_Mode5        main.o
    0x08004868   0x08004868   0x000001ac   Code   RO          373    i.Task_Mode6        main.o
    0x08004a14   0x08004a14   0x0000021c   Code   RO          374    i.Task_Show         main.o
    0x08004c30   0x08004c30   0x000000c0   Code   RO          621    i.USART0_IRQHandler  bsp_usart.o
    0x08004cf0   0x08004cf0   0x00000014   Code   RO          173    i.UsageFault_Handler  gd32f4xx_it.o
    0x08004d04   0x08004d04   0x00000024   Code   RO         1429    i.WB_Format         wb_core.o
    0x08004d28   0x08004d28   0x00000028   Code   RO         1430    i.WB_dwt_init       wb_core.o
    0x08004d50   0x08004d50   0x0000000c   Code   RO         1431    i.WB_getDWT_Count   wb_core.o
    0x08004d5c   0x08004d5c   0x00000014   Code   RO         1432    i.WB_getDWT_CountDt  wb_core.o
    0x08004d70   0x08004d70   0x00000014   Code   RO          375    i.WS_Borad_Buzzer_Set_Freq  main.o
    0x08004d84   0x08004d84   0x00000024   Code   RO         1236    i.WS_Font16_Read_Date  ws_drive_w25qxx.o
    0x08004da8   0x08004da8   0x00000024   Code   RO         1238    i.WS_Font32_Read_Date  ws_drive_w25qxx.o
    0x08004dcc   0x08004dcc   0x0000026c   Code   RO         1038    i.WS_SD_init        bsp_sdcard.o
    0x08005038   0x08005038   0x00000022   Code   RO         1239    i.WS_SPI_Read_Buffer  ws_drive_w25qxx.o
    0x0800505a   0x0800505a   0x00000020   Code   RO         1240    i.WS_SPI_Write_Buffer  ws_drive_w25qxx.o
    0x0800507a   0x0800507a   0x00000092   Code   RO         1090    i.WS_TFT_Dis_16X16_Date  bsp_lcd.o
    0x0800510c   0x0800510c   0x00000108   Code   RO         1091    i.WS_TFT_Dis_16X32_String  bsp_lcd.o
    0x08005214   0x08005214   0x000000aa   Code   RO         1093    i.WS_TFT_Dis_32X32_Date  bsp_lcd.o
    0x080052be   0x080052be   0x00000002   PAD
    0x080052c0   0x080052c0   0x000000f8   Code   RO         1094    i.WS_TFT_Dis_8X16_String  bsp_lcd.o
    0x080053b8   0x080053b8   0x00000038   Code   RO         1095    i.WS_TFT_Draw_Fill_Rectangle  bsp_lcd.o
    0x080053f0   0x080053f0   0x00000126   Code   RO         1096    i.WS_TFT_Draw_Line  bsp_lcd.o
    0x08005516   0x08005516   0x00000002   PAD
    0x08005518   0x08005518   0x000001c0   Code   RO         1097    i.WS_TFT_Load_Pic_Bmp  bsp_lcd.o
    0x080056d8   0x080056d8   0x0000007c   Code   RO         1241    i.WS_W25Qxx_Check_File  ws_drive_w25qxx.o
    0x08005754   0x08005754   0x000000ec   Code   RO         1242    i.WS_W25Qxx_Font_Chenk_Write  ws_drive_w25qxx.o
    0x08005840   0x08005840   0x00000090   Code   RO         1243    i.WS_W25Qxx_Font_Read_Date  ws_drive_w25qxx.o
    0x080058d0   0x080058d0   0x000001d8   Code   RO         1244    i.WS_W25Qxx_Font_Write  ws_drive_w25qxx.o
    0x08005aa8   0x08005aa8   0x000000f4   Code   RO         1245    i.WS_W25Qxx_Init    ws_drive_w25qxx.o
    0x08005b9c   0x08005b9c   0x00000048   Code   RO         1246    i.WS_W25Qxx_Read    ws_drive_w25qxx.o
    0x08005be4   0x08005be4   0x0000000a   Code   RO         1247    i.WS_W25Qxx_Read_Byte  ws_drive_w25qxx.o
    0x08005bee   0x08005bee   0x00000002   PAD
    0x08005bf0   0x08005bf0   0x00000048   Code   RO         1248    i.WS_W25Qxx_Read_ID  ws_drive_w25qxx.o
    0x08005c38   0x08005c38   0x0000002c   Code   RO         1249    i.WS_W25Qxx_Read_SR  ws_drive_w25qxx.o
    0x08005c64   0x08005c64   0x00000048   Code   RO         1250    i.WS_W25Qxx_Sector_Erase  ws_drive_w25qxx.o
    0x08005cac   0x08005cac   0x0000003e   Code   RO         1253    i.WS_W25Qxx_Wait_Idle  ws_drive_w25qxx.o
    0x08005cea   0x08005cea   0x00000002   PAD
    0x08005cec   0x08005cec   0x000000f8   Code   RO         1254    i.WS_W25Qxx_Write   ws_drive_w25qxx.o
    0x08005de4   0x08005de4   0x0000000c   Code   RO         1255    i.WS_W25Qxx_Write_Byte  ws_drive_w25qxx.o
    0x08005df0   0x08005df0   0x00000024   Code   RO         1257    i.WS_W25Qxx_Write_Enable  ws_drive_w25qxx.o
    0x08005e14   0x08005e14   0x00000050   Code   RO         1258    i.WS_W25Qxx_Write_Page  ws_drive_w25qxx.o
    0x08005e64   0x08005e64   0x00000038   Code   RO         1259    i.WS_W25Qxx_Write_Read_Byte  ws_drive_w25qxx.o
    0x08005e9c   0x08005e9c   0x00000030   Code   RO         6469    i.__ARM_fpclassify  m_wm.l(fpclassify.o)
    0x08005ecc   0x08005ecc   0x00000026   Code   RO         6358    i.__ARM_fpclassifyf  m_wm.l(fpclassifyf.o)
    0x08005ef2   0x08005ef2   0x00000002   PAD
    0x08005ef4   0x08005ef4   0x000002ac   Code   RO         6246    i.__hardfp_atan2f   m_wm.l(atan2f.o)
    0x080061a0   0x080061a0   0x00000006   Code   RO         6362    i.__mathlib_flt_infnan2  m_wm.l(funder.o)
    0x080061a6   0x080061a6   0x00000002   PAD
    0x080061a8   0x080061a8   0x00000010   Code   RO         6366    i.__mathlib_flt_underflow  m_wm.l(funder.o)
    0x080061b8   0x080061b8   0x0000000e   Code   RO         6204    i._is_digit         c_w.l(__printf_wp.o)
    0x080061c6   0x080061c6   0x0000002a   Code   RO         4514    i.adc_calibration_enable  gd32f4xx_adc.o
    0x080061f0   0x080061f0   0x00000052   Code   RO         4516    i.adc_channel_length_config  gd32f4xx_adc.o
    0x08006242   0x08006242   0x00000002   PAD
    0x08006244   0x08006244   0x00000024   Code   RO         4517    i.adc_clock_config  gd32f4xx_adc.o
    0x08006268   0x08006268   0x00000198   Code   RO         1736    i.adc_config        bsp_adc.o
    0x08006400   0x08006400   0x00000016   Code   RO         4518    i.adc_data_alignment_config  gd32f4xx_adc.o
    0x08006416   0x08006416   0x0000000a   Code   RO         4523    i.adc_dma_mode_enable  gd32f4xx_adc.o
    0x08006420   0x08006420   0x0000000a   Code   RO         4525    i.adc_dma_request_after_last_enable  gd32f4xx_adc.o
    0x0800642a   0x0800642a   0x00000012   Code   RO         4526    i.adc_enable        gd32f4xx_adc.o
    0x0800643c   0x0800643c   0x00000034   Code   RO         4528    i.adc_external_trigger_config  gd32f4xx_adc.o
    0x08006470   0x08006470   0x00000030   Code   RO         4529    i.adc_external_trigger_source_config  gd32f4xx_adc.o
    0x080064a0   0x080064a0   0x0000001a   Code   RO         1737    i.adc_power_set     bsp_adc.o
    0x080064ba   0x080064ba   0x000000ac   Code   RO         4543    i.adc_regular_channel_config  gd32f4xx_adc.o
    0x08006566   0x08006566   0x00000010   Code   RO         4546    i.adc_resolution_config  gd32f4xx_adc.o
    0x08006576   0x08006576   0x00000002   PAD
    0x08006578   0x08006578   0x00000090   Code   RO          728    i.basic_timer_config  bsp_basic_timer.o
    0x08006608   0x08006608   0x00000050   Code   RO         1839    i.bsp_dac_init      bsp_dac.o
    0x08006658   0x08006658   0x00000098   Code   RO         5371    i.check_fs          ff.o
    0x080066f0   0x080066f0   0x00000014   Code   RO         5372    i.chk_chr           ff.o
    0x08006704   0x08006704   0x00000090   Code   RO         5373    i.chk_lock          ff.o
    0x08006794   0x08006794   0x00000030   Code   RO         5374    i.clear_lock        ff.o
    0x080067c4   0x080067c4   0x00000038   Code   RO         5375    i.clmt_clust        ff.o
    0x080067fc   0x080067fc   0x00000020   Code   RO         5376    i.clust2sect        ff.o
    0x0800681c   0x0800681c   0x0000003c   Code   RO          819    i.cmdsent_error_check  sdcard.o
    0x08006858   0x08006858   0x00000090   Code   RO         5377    i.cmp_lfn           ff.o
    0x080068e8   0x080068e8   0x000000ea   Code   RO         5378    i.create_chain      ff.o
    0x080069d2   0x080069d2   0x00000002   PAD
    0x080069d4   0x080069d4   0x00000230   Code   RO         5379    i.create_name       ff.o
    0x08006c04   0x08006c04   0x00000040   Code   RO         4804    i.dac_concurrent_data_set  gd32f4xx_dac.o
    0x08006c44   0x08006c44   0x00000018   Code   RO         4806    i.dac_concurrent_enable  gd32f4xx_dac.o
    0x08006c5c   0x08006c5c   0x00000014   Code   RO         4814    i.dac_deinit        gd32f4xx_dac.o
    0x08006c70   0x08006c70   0x00000014   Code   RO         1840    i.dac_gpio_config   bsp_dac.o
    0x08006c84   0x08006c84   0x00000024   Code   RO         4827    i.dac_output_buffer_enable  gd32f4xx_dac.o
    0x08006ca8   0x08006ca8   0x00000014   Code   RO         1841    i.dac_rcu_config    bsp_dac.o
    0x08006cbc   0x08006cbc   0x00000024   Code   RO         4832    i.dac_trigger_disable  gd32f4xx_dac.o
    0x08006ce0   0x08006ce0   0x00000034   Code   RO         4836    i.dac_wave_mode_config  gd32f4xx_dac.o
    0x08006d14   0x08006d14   0x0000004c   Code   RO         5380    i.dec_lock          ff.o
    0x08006d60   0x08006d60   0x00000014   Code   RO            4    i.delay_1ms         systick.o
    0x08006d74   0x08006d74   0x00000018   Code   RO            5    i.delay_decrement   systick.o
    0x08006d8c   0x08006d8c   0x00000010   Code   RO          174    i.delay_it          gd32f4xx_it.o
    0x08006d9c   0x08006d9c   0x00000064   Code   RO         5381    i.dir_alloc         ff.o
    0x08006e00   0x08006e00   0x00000102   Code   RO         5382    i.dir_find          ff.o
    0x08006f02   0x08006f02   0x0000015a   Code   RO         5383    i.dir_next          ff.o
    0x0800705c   0x0800705c   0x0000014a   Code   RO         5385    i.dir_register      ff.o
    0x080071a6   0x080071a6   0x000000c8   Code   RO         5387    i.dir_sdi           ff.o
    0x0800726e   0x0800726e   0x00000002   PAD
    0x08007270   0x08007270   0x0000002c   Code   RO         5313    i.disk_initialize   diskio.o
    0x0800729c   0x0800729c   0x00000028   Code   RO         5314    i.disk_ioctl        diskio.o
    0x080072c4   0x080072c4   0x00000030   Code   RO         5315    i.disk_read         diskio.o
    0x080072f4   0x080072f4   0x0000001c   Code   RO         5316    i.disk_status       diskio.o
    0x08007310   0x08007310   0x00000030   Code   RO         5317    i.disk_write        diskio.o
    0x08007340   0x08007340   0x00000020   Code   RO         3271    i.dma_channel_disable  gd32f4xx_dma.o
    0x08007360   0x08007360   0x00000020   Code   RO         3272    i.dma_channel_enable  gd32f4xx_dma.o
    0x08007380   0x08007380   0x00000026   Code   RO         3273    i.dma_channel_subperipheral_select  gd32f4xx_dma.o
    0x080073a6   0x080073a6   0x00000020   Code   RO         3275    i.dma_circulation_enable  gd32f4xx_dma.o
    0x080073c6   0x080073c6   0x000000a4   Code   RO         3276    i.dma_deinit        gd32f4xx_dma.o
    0x0800746a   0x0800746a   0x0000003e   Code   RO         3278    i.dma_flag_clear    gd32f4xx_dma.o
    0x080074a8   0x080074a8   0x0000004c   Code   RO         3279    i.dma_flag_get      gd32f4xx_dma.o
    0x080074f4   0x080074f4   0x00000040   Code   RO         3280    i.dma_flow_controller_config  gd32f4xx_dma.o
    0x08007534   0x08007534   0x0000003e   Code   RO         3282    i.dma_interrupt_enable  gd32f4xx_dma.o
    0x08007572   0x08007572   0x0000003e   Code   RO         3283    i.dma_interrupt_flag_clear  gd32f4xx_dma.o
    0x080075b0   0x080075b0   0x00000204   Code   RO         3284    i.dma_interrupt_flag_get  gd32f4xx_dma.o
    0x080077b4   0x080077b4   0x00000164   Code   RO         3289    i.dma_multi_data_mode_init  gd32f4xx_dma.o
    0x08007918   0x08007918   0x000000b4   Code   RO          820    i.dma_receive_config  sdcard.o
    0x080079cc   0x080079cc   0x00000158   Code   RO         3296    i.dma_single_data_mode_init  gd32f4xx_dma.o
    0x08007b24   0x08007b24   0x000000b4   Code   RO          821    i.dma_transfer_config  sdcard.o
    0x08007bd8   0x08007bd8   0x00000028   Code   RO         5388    i.enq_lock          ff.o
    0x08007c00   0x08007c00   0x00000034   Code   RO         3775    i.exmc_flag_get     gd32f4xx_exmc.o
    0x08007c34   0x08007c34   0x0000001c   Code   RO         3800    i.exmc_sdram_command_config  gd32f4xx_exmc.o
    0x08007c50   0x08007c50   0x00000118   Code   RO         3802    i.exmc_sdram_init   gd32f4xx_exmc.o
    0x08007d68   0x08007d68   0x00000024   Code   RO         3805    i.exmc_sdram_refresh_count_set  gd32f4xx_exmc.o
    0x08007d8c   0x08007d8c   0x00000264   Code   RO         1786    i.exmc_synchronous_dynamic_ram_init  exmc_sdram.o
    0x08007ff0   0x08007ff0   0x000000bc   Code   RO         2744    i.exti_init         gd32f4xx_exti.o
    0x080080ac   0x080080ac   0x00000010   Code   RO         2746    i.exti_interrupt_enable  gd32f4xx_exti.o
    0x080080bc   0x080080bc   0x0000000c   Code   RO         2747    i.exti_interrupt_flag_clear  gd32f4xx_exti.o
    0x080080c8   0x080080c8   0x0000002e   Code   RO         5390    i.f_close           ff.o
    0x080080f6   0x080080f6   0x00000342   Code   RO         5395    i.f_lseek           ff.o
    0x08008438   0x08008438   0x00000064   Code   RO         5398    i.f_mount           ff.o
    0x0800849c   0x0800849c   0x000001e4   Code   RO         5399    i.f_open            ff.o
    0x08008680   0x08008680   0x00000204   Code   RO         5404    i.f_read            ff.o
    0x08008884   0x08008884   0x000000ca   Code   RO         5409    i.f_sync            ff.o
    0x0800894e   0x0800894e   0x00000256   Code   RO         5413    i.f_write           ff.o
    0x08008ba4   0x08008ba4   0x0000004c   Code   RO         5827    i.ff_convert        ccsbcs.o
    0x08008bf0   0x08008bf0   0x00000038   Code   RO         5828    i.ff_wtoupper       ccsbcs.o
    0x08008c28   0x08008c28   0x000000d0   Code   RO         1492    i.fft_arm_rfft_f32_app  fft.o
    0x08008cf8   0x08008cf8   0x00000054   Code   RO         1493    i.fft_get_max_amplitude_index  fft.o
    0x08008d4c   0x08008d4c   0x0000001c   Code   RO         1494    i.fft_index_get_frequnce  fft.o
    0x08008d68   0x08008d68   0x0000005a   Code   RO          376    i.findMostFrequent  main.o
    0x08008dc2   0x08008dc2   0x00000002   PAD
    0x08008dc4   0x08008dc4   0x000003dc   Code   RO         5414    i.find_volume       ff.o
    0x080091a0   0x080091a0   0x00000080   Code   RO         5415    i.fit_lfn           ff.o
    0x08009220   0x08009220   0x0000009c   Code   RO         5416    i.follow_path       ff.o
    0x080092bc   0x080092bc   0x000000b4   Code   RO         5417    i.gen_numname       ff.o
    0x08009370   0x08009370   0x000000ee   Code   RO         5418    i.get_fat           ff.o
    0x0800945e   0x0800945e   0x00000004   Code   RO         5906    i.get_fattime       fatfs.o
    0x08009462   0x08009462   0x00000048   Code   RO         5420    i.get_ldnumber      ff.o
    0x080094aa   0x080094aa   0x0000005e   Code   RO         1877    i.gpio_af_set       gd32f4xx_gpio.o
    0x08009508   0x08009508   0x00000004   Code   RO         1878    i.gpio_bit_reset    gd32f4xx_gpio.o
    0x0800950c   0x0800950c   0x00000004   Code   RO         1879    i.gpio_bit_set      gd32f4xx_gpio.o
    0x08009510   0x08009510   0x00000004   Code   RO         1880    i.gpio_bit_toggle   gd32f4xx_gpio.o
    0x08009514   0x08009514   0x0000000a   Code   RO         1881    i.gpio_bit_write    gd32f4xx_gpio.o
    0x0800951e   0x0800951e   0x00000002   PAD
    0x08009520   0x08009520   0x00000074   Code   RO          822    i.gpio_config       sdcard.o
    0x08009594   0x08009594   0x00000010   Code   RO         1883    i.gpio_input_bit_get  gd32f4xx_gpio.o
    0x080095a4   0x080095a4   0x0000004e   Code   RO         1885    i.gpio_mode_set     gd32f4xx_gpio.o
    0x080095f2   0x080095f2   0x00000042   Code   RO         1887    i.gpio_output_options_set  gd32f4xx_gpio.o
    0x08009634   0x08009634   0x000000e8   Code   RO         5421    i.inc_lock          ff.o
    0x0800971c   0x0800971c   0x00000016   Code   RO         1098    i.ipa_config        bsp_lcd.o
    0x08009732   0x08009732   0x00000002   PAD
    0x08009734   0x08009734   0x00000094   Code   RO          695    i.key_gpio_config   bsp_key.o
    0x080097c8   0x080097c8   0x00000044   Code   RO         1099    i.lcd_disp_config   bsp_lcd.o
    0x0800980c   0x0800980c   0x0000002c   Code   RO         1100    i.lcd_disp_en_config  bsp_lcd.o
    0x08009838   0x08009838   0x00000014   Code   RO         1101    i.lcd_disp_off      bsp_lcd.o
    0x0800984c   0x0800984c   0x00000014   Code   RO         1102    i.lcd_disp_on       bsp_lcd.o
    0x08009860   0x08009860   0x00000022   Code   RO         5422    i.ld_clust          ff.o
    0x08009882   0x08009882   0x00000002   PAD
    0x08009884   0x08009884   0x00000108   Code   RO          593    i.led_gpio_config   bsp_led.o
    0x0800998c   0x0800998c   0x00000218   Code   RO          377    i.main              main.o
    0x08009ba4   0x08009ba4   0x00000026   Code   RO         5423    i.mem_cmp           ff.o
    0x08009bca   0x08009bca   0x0000001a   Code   RO         5424    i.mem_cpy           ff.o
    0x08009be4   0x08009be4   0x00000014   Code   RO         5425    i.mem_set           ff.o
    0x08009bf8   0x08009bf8   0x00000038   Code   RO         5426    i.move_window       ff.o
    0x08009c30   0x08009c30   0x000000c4   Code   RO         2622    i.nvic_irq_enable   gd32f4xx_misc.o
    0x08009cf4   0x08009cf4   0x00000014   Code   RO         2623    i.nvic_priority_group_set  gd32f4xx_misc.o
    0x08009d08   0x08009d08   0x00000014   Code   RO          378    i.open_Frequency    main.o
    0x08009d1c   0x08009d1c   0x00000146   Code   RO         5428    i.put_fat           ff.o
    0x08009e62   0x08009e62   0x00000002   PAD
    0x08009e64   0x08009e64   0x00000084   Code   RO          823    i.r1_error_check    sdcard.o
    0x08009ee8   0x08009ee8   0x000000ae   Code   RO          824    i.r1_error_type_check  sdcard.o
    0x08009f96   0x08009f96   0x00000002   PAD
    0x08009f98   0x08009f98   0x00000050   Code   RO          825    i.r2_error_check    sdcard.o
    0x08009fe8   0x08009fe8   0x0000003c   Code   RO          826    i.r3_error_check    sdcard.o
    0x0800a024   0x0800a024   0x000000a8   Code   RO          827    i.r6_error_check    sdcard.o
    0x0800a0cc   0x0800a0cc   0x0000005c   Code   RO          828    i.r7_error_check    sdcard.o
    0x0800a128   0x0800a128   0x00000124   Code   RO         1990    i.rcu_clock_freq_get  gd32f4xx_rcu.o
    0x0800a24c   0x0800a24c   0x00000024   Code   RO          829    i.rcu_config        sdcard.o
    0x0800a270   0x0800a270   0x00000024   Code   RO         1993    i.rcu_flag_get      gd32f4xx_rcu.o
    0x0800a294   0x0800a294   0x00000024   Code   RO         2006    i.rcu_osci_on       gd32f4xx_rcu.o
    0x0800a2b8   0x0800a2b8   0x0000015c   Code   RO         2007    i.rcu_osci_stab_wait  gd32f4xx_rcu.o
    0x0800a414   0x0800a414   0x00000024   Code   RO         2009    i.rcu_periph_clock_enable  gd32f4xx_rcu.o
    0x0800a438   0x0800a438   0x00000024   Code   RO         2012    i.rcu_periph_reset_disable  gd32f4xx_rcu.o
    0x0800a45c   0x0800a45c   0x00000024   Code   RO         2013    i.rcu_periph_reset_enable  gd32f4xx_rcu.o
    0x0800a480   0x0800a480   0x00000048   Code   RO         2017    i.rcu_pllsai_config  gd32f4xx_rcu.o
    0x0800a4c8   0x0800a4c8   0x00000024   Code   RO         2025    i.rcu_timer_clock_prescaler_config  gd32f4xx_rcu.o
    0x0800a4ec   0x0800a4ec   0x00000018   Code   RO         2026    i.rcu_tli_clock_div_config  gd32f4xx_rcu.o
    0x0800a504   0x0800a504   0x00000090   Code   RO          696    i.read_key          bsp_key.o
    0x0800a594   0x0800a594   0x0000007a   Code   RO         5430    i.remove_chain      ff.o
    0x0800a60e   0x0800a60e   0x00000002   PAD
    0x0800a610   0x0800a610   0x00000218   Code   RO          830    i.sd_block_read     sdcard.o
    0x0800a828   0x0800a828   0x00000320   Code   RO          831    i.sd_block_write    sdcard.o
    0x0800ab48   0x0800ab48   0x00000094   Code   RO          832    i.sd_bus_mode_config  sdcard.o
    0x0800abdc   0x0800abdc   0x000000fc   Code   RO          833    i.sd_bus_width_config  sdcard.o
    0x0800acd8   0x0800acd8   0x000002c0   Code   RO          835    i.sd_card_information_get  sdcard.o
    0x0800af98   0x0800af98   0x0000011c   Code   RO          836    i.sd_card_init      sdcard.o
    0x0800b0b4   0x0800b0b4   0x00000026   Code   RO          837    i.sd_card_select_deselect  sdcard.o
    0x0800b0da   0x0800b0da   0x00000002   PAD
    0x0800b0dc   0x0800b0dc   0x000000b8   Code   RO          838    i.sd_card_state_get  sdcard.o
    0x0800b194   0x0800b194   0x00000048   Code   RO          839    i.sd_cardstatus_get  sdcard.o
    0x0800b1dc   0x0800b1dc   0x00000018   Code   RO          840    i.sd_datablocksize_get  sdcard.o
    0x0800b1f4   0x0800b1f4   0x00000046   Code   RO          842    i.sd_init           sdcard.o
    0x0800b23a   0x0800b23a   0x00000002   PAD
    0x0800b23c   0x0800b23c   0x00000098   Code   RO         1041    i.sd_io_init        bsp_sdcard.o
    0x0800b2d4   0x0800b2d4   0x0000012c   Code   RO          848    i.sd_power_on       sdcard.o
    0x0800b400   0x0800b400   0x0000015c   Code   RO          849    i.sd_scr_get        sdcard.o
    0x0800b55c   0x0800b55c   0x00000018   Code   RO          851    i.sd_transfer_mode_config  sdcard.o
    0x0800b574   0x0800b574   0x0000001c   Code   RO         3483    i.sdio_bus_mode_set  gd32f4xx_sdio.o
    0x0800b590   0x0800b590   0x00000034   Code   RO         3490    i.sdio_clock_config  gd32f4xx_sdio.o
    0x0800b5c4   0x0800b5c4   0x00000014   Code   RO         3492    i.sdio_clock_enable  gd32f4xx_sdio.o
    0x0800b5d8   0x0800b5d8   0x0000000c   Code   RO         3493    i.sdio_command_index_get  gd32f4xx_sdio.o
    0x0800b5e4   0x0800b5e4   0x00000038   Code   RO         3494    i.sdio_command_response_config  gd32f4xx_sdio.o
    0x0800b61c   0x0800b61c   0x00000014   Code   RO         3496    i.sdio_csm_enable   gd32f4xx_sdio.o
    0x0800b630   0x0800b630   0x0000003c   Code   RO         3497    i.sdio_data_config  gd32f4xx_sdio.o
    0x0800b66c   0x0800b66c   0x0000000c   Code   RO         3499    i.sdio_data_read    gd32f4xx_sdio.o
    0x0800b678   0x0800b678   0x0000001c   Code   RO         3500    i.sdio_data_transfer_config  gd32f4xx_sdio.o
    0x0800b694   0x0800b694   0x0000000c   Code   RO         3501    i.sdio_data_write   gd32f4xx_sdio.o
    0x0800b6a0   0x0800b6a0   0x00000014   Code   RO         3502    i.sdio_deinit       gd32f4xx_sdio.o
    0x0800b6b4   0x0800b6b4   0x00000014   Code   RO         3503    i.sdio_dma_disable  gd32f4xx_sdio.o
    0x0800b6c8   0x0800b6c8   0x00000014   Code   RO         3504    i.sdio_dma_enable   gd32f4xx_sdio.o
    0x0800b6dc   0x0800b6dc   0x00000014   Code   RO         3505    i.sdio_dsm_disable  gd32f4xx_sdio.o
    0x0800b6f0   0x0800b6f0   0x00000014   Code   RO         3506    i.sdio_dsm_enable   gd32f4xx_sdio.o
    0x0800b704   0x0800b704   0x0000000c   Code   RO         3508    i.sdio_flag_clear   gd32f4xx_sdio.o
    0x0800b710   0x0800b710   0x00000014   Code   RO         3509    i.sdio_flag_get     gd32f4xx_sdio.o
    0x0800b724   0x0800b724   0x00000014   Code   RO         3510    i.sdio_hardware_clock_disable  gd32f4xx_sdio.o
    0x0800b738   0x0800b738   0x00000010   Code   RO         3513    i.sdio_interrupt_enable  gd32f4xx_sdio.o
    0x0800b748   0x0800b748   0x0000000c   Code   RO         3518    i.sdio_power_state_get  gd32f4xx_sdio.o
    0x0800b754   0x0800b754   0x0000000c   Code   RO         3519    i.sdio_power_state_set  gd32f4xx_sdio.o
    0x0800b760   0x0800b760   0x0000003c   Code   RO         3523    i.sdio_response_get  gd32f4xx_sdio.o
    0x0800b79c   0x0800b79c   0x0000001c   Code   RO         3528    i.sdio_wait_type_set  gd32f4xx_sdio.o
    0x0800b7b8   0x0800b7b8   0x0000005c   Code   RO         1842    i.set_dac_vol       bsp_dac.o
    0x0800b814   0x0800b814   0x0000006c   Code   RO         1739    i.set_hc4051_rank   bsp_adc.o
    0x0800b880   0x0800b880   0x000000c0   Code   RO          379    i.show_waveform     main.o
    0x0800b940   0x0800b940   0x0000005c   Code   RO          380    i.software_system_time  main.o
    0x0800b99c   0x0800b99c   0x00000028   Code   RO          381    i.software_time_Frequency  main.o
    0x0800b9c4   0x0800b9c4   0x00000038   Code   RO          774    i.spi4_config       bsp_spi.o
    0x0800b9fc   0x0800b9fc   0x00000060   Code   RO          775    i.spi4_gpio_config  bsp_spi.o
    0x0800ba5c   0x0800ba5c   0x00000010   Code   RO          776    i.spi4_init         bsp_spi.o
    0x0800ba6c   0x0800ba6c   0x00000014   Code   RO          777    i.spi4_rcu_config   bsp_spi.o
    0x0800ba80   0x0800ba80   0x0000000a   Code   RO         5038    i.spi_enable        gd32f4xx_spi.o
    0x0800ba8a   0x0800ba8a   0x00000008   Code   RO         5040    i.spi_i2s_data_receive  gd32f4xx_spi.o
    0x0800ba92   0x0800ba92   0x00000004   Code   RO         5041    i.spi_i2s_data_transmit  gd32f4xx_spi.o
    0x0800ba96   0x0800ba96   0x00000010   Code   RO         5043    i.spi_i2s_flag_get  gd32f4xx_spi.o
    0x0800baa6   0x0800baa6   0x00000032   Code   RO         5047    i.spi_init          gd32f4xx_spi.o
    0x0800bad8   0x0800bad8   0x00000010   Code   RO         5431    i.st_clust          ff.o
    0x0800bae8   0x0800bae8   0x00000020   Code   RO         5432    i.sum_sfn           ff.o
    0x0800bb08   0x0800bb08   0x000000f4   Code   RO         5433    i.sync_fs           ff.o
    0x0800bbfc   0x0800bbfc   0x00000060   Code   RO         5434    i.sync_window       ff.o
    0x0800bc5c   0x0800bc5c   0x000000ac   Code   RO         2682    i.syscfg_exti_line_config  gd32f4xx_syscfg.o
    0x0800bd08   0x0800bd08   0x000000fc   Code   RO         5266    i.system_clock_200m_25m_hxtal  system_gd32f4xx.o
    0x0800be04   0x0800be04   0x00000008   Code   RO         5267    i.system_clock_config  system_gd32f4xx.o
    0x0800be0c   0x0800be0c   0x00000050   Code   RO            6    i.systick_config    systick.o
    0x0800be5c   0x0800be5c   0x000001ec   Code   RO         2843    i.timer_channel_output_config  gd32f4xx_timer.o
    0x0800c048   0x0800c048   0x0000005a   Code   RO         2845    i.timer_channel_output_mode_config  gd32f4xx_timer.o
    0x0800c0a2   0x0800c0a2   0x00000026   Code   RO         2847    i.timer_channel_output_pulse_value_config  gd32f4xx_timer.o
    0x0800c0c8   0x0800c0c8   0x0000005a   Code   RO         2848    i.timer_channel_output_shadow_config  gd32f4xx_timer.o
    0x0800c122   0x0800c122   0x00000002   PAD
    0x0800c124   0x0800c124   0x00000184   Code   RO         2857    i.timer_deinit      gd32f4xx_timer.o
    0x0800c2a8   0x0800c2a8   0x0000000a   Code   RO         2858    i.timer_disable     gd32f4xx_timer.o
    0x0800c2b2   0x0800c2b2   0x0000000a   Code   RO         2862    i.timer_enable      gd32f4xx_timer.o
    0x0800c2bc   0x0800c2bc   0x00000098   Code   RO         2872    i.timer_init        gd32f4xx_timer.o
    0x0800c354   0x0800c354   0x00000008   Code   RO         2879    i.timer_interrupt_enable  gd32f4xx_timer.o
    0x0800c35c   0x0800c35c   0x00000006   Code   RO         2880    i.timer_interrupt_flag_clear  gd32f4xx_timer.o
    0x0800c362   0x0800c362   0x00000018   Code   RO         2881    i.timer_interrupt_flag_get  gd32f4xx_timer.o
    0x0800c37a   0x0800c37a   0x00000002   PAD
    0x0800c37c   0x0800c37c   0x0000017c   Code   RO         1103    i.tli_config        bsp_lcd.o
    0x0800c4f8   0x0800c4f8   0x00000024   Code   RO         4204    i.tli_dither_config  gd32f4xx_tli.o
    0x0800c51c   0x0800c51c   0x00000014   Code   RO         4205    i.tli_enable        gd32f4xx_tli.o
    0x0800c530   0x0800c530   0x000001cc   Code   RO         1104    i.tli_gpio_config   bsp_lcd.o
    0x0800c6fc   0x0800c6fc   0x000000bc   Code   RO         4207    i.tli_init          gd32f4xx_tli.o
    0x0800c7b8   0x0800c7b8   0x0000000e   Code   RO         4213    i.tli_layer_enable  gd32f4xx_tli.o
    0x0800c7c6   0x0800c7c6   0x00000098   Code   RO         4214    i.tli_layer_init    gd32f4xx_tli.o
    0x0800c85e   0x0800c85e   0x00000002   PAD
    0x0800c860   0x0800c860   0x00000024   Code   RO         4222    i.tli_reload_config  gd32f4xx_tli.o
    0x0800c884   0x0800c884   0x000000e8   Code   RO         2278    i.usart_baudrate_set  gd32f4xx_usart.o
    0x0800c96c   0x0800c96c   0x0000000a   Code   RO         2282    i.usart_data_receive  gd32f4xx_usart.o
    0x0800c976   0x0800c976   0x00000008   Code   RO         2283    i.usart_data_transmit  gd32f4xx_usart.o
    0x0800c97e   0x0800c97e   0x00000002   PAD
    0x0800c980   0x0800c980   0x000000dc   Code   RO         2284    i.usart_deinit      gd32f4xx_usart.o
    0x0800ca5c   0x0800ca5c   0x0000000a   Code   RO         2288    i.usart_enable      gd32f4xx_usart.o
    0x0800ca66   0x0800ca66   0x0000001e   Code   RO         2290    i.usart_flag_get    gd32f4xx_usart.o
    0x0800ca84   0x0800ca84   0x000000dc   Code   RO          622    i.usart_gpio_config  bsp_usart.o
    0x0800cb60   0x0800cb60   0x0000001a   Code   RO         2298    i.usart_interrupt_enable  gd32f4xx_usart.o
    0x0800cb7a   0x0800cb7a   0x0000001a   Code   RO         2299    i.usart_interrupt_flag_clear  gd32f4xx_usart.o
    0x0800cb94   0x0800cb94   0x00000038   Code   RO         2300    i.usart_interrupt_flag_get  gd32f4xx_usart.o
    0x0800cbcc   0x0800cbcc   0x00000010   Code   RO         2313    i.usart_parity_config  gd32f4xx_usart.o
    0x0800cbdc   0x0800cbdc   0x00000010   Code   RO         2315    i.usart_receive_config  gd32f4xx_usart.o
    0x0800cbec   0x0800cbec   0x00000030   Code   RO          623    i.usart_send_data   bsp_usart.o
    0x0800cc1c   0x0800cc1c   0x00000044   Code   RO          624    i.usart_send_date_IT  bsp_usart.o
    0x0800cc60   0x0800cc60   0x00000016   Code   RO          625    i.usart_send_string  bsp_usart.o
    0x0800cc76   0x0800cc76   0x00000010   Code   RO         2326    i.usart_stop_bit_set  gd32f4xx_usart.o
    0x0800cc86   0x0800cc86   0x00000010   Code   RO         2330    i.usart_transmit_config  gd32f4xx_usart.o
    0x0800cc96   0x0800cc96   0x00000010   Code   RO         2331    i.usart_word_length_set  gd32f4xx_usart.o
    0x0800cca6   0x0800cca6   0x00000042   Code   RO         5435    i.validate          ff.o
    0x0800cce8   0x0800cce8   0x0000002c   Code   RO         6453    locale$$code        c_w.l(lc_numeric_c.o)
    0x0800cd14   0x0800cd14   0x0000002c   Code   RO         6476    locale$$code        c_w.l(lc_ctype_c.o)
    0x0800cd40   0x0800cd40   0x000002c4   Code   RO         6230    x$fpl$d2f           g_wm.l(d2f_clz.o)
    0x0800d004   0x0800d004   0x0000037c   Code   RO         6233    x$fpl$ddiv          g_wm.l(ddiv_clz.o)
    0x0800d380   0x0800d380   0x0000001a   Code   RO         6238    x$fpl$dfltn         g_wm.l(dflt_clz.o)
    0x0800d39a   0x0800d39a   0x00000026   Code   RO         6236    x$fpl$dfltu         g_wm.l(dflt_clz.o)
    0x0800d3c0   0x0800d3c0   0x000001c0   Code   RO         6242    x$fpl$dmul          g_wm.l(dmul_clz.o)
    0x0800d580   0x0800d580   0x00000102   Code   RO         6331    x$fpl$dnaninf       g_wm.l(dnaninf.o)
    0x0800d682   0x0800d682   0x00000070   Code   RO         6333    x$fpl$drenorm       g_wm.l(drenorm_clz.o)
    0x0800d6f2   0x0800d6f2   0x0000000c   Code   RO         6335    x$fpl$dretinf       g_wm.l(dretinf.o)
    0x0800d6fe   0x0800d6fe   0x0000017a   Code   RO         6337    x$fpl$dunder        g_wm.l(dunder_clz.o)
    0x0800d878   0x0800d878   0x000001ec   Code   RO         6339    x$fpl$exception     g_wm.l(except.o)
    0x0800da64   0x0800da64   0x0000007a   Code   RO         6244    x$fpl$f2d           g_wm.l(f2d.o)
    0x0800dade   0x0800dade   0x000000f2   Code   RO         6341    x$fpl$fnaninf       g_wm.l(fnaninf.o)
    0x0800dbd0   0x0800dbd0   0x0000000a   Code   RO         6544    x$fpl$fpinit        g_wm.l(fpinit.o)
    0x0800dbda   0x0800dbda   0x0000000a   Code   RO         6343    x$fpl$fretinf       g_wm.l(fretinf.o)
    0x0800dbe4   0x0800dbe4   0x0000013c   Code   RO         6345    x$fpl$funder        g_wm.l(funder_clz.o)
    0x0800dd20   0x0800dd20   0x00000020   Code   RO         6467    x$fpl$ieeestatus    g_wm.l(istatus.o)
    0x0800dd40   0x0800dd40   0x00000004   Code   RO         6347    x$fpl$printf1       g_wm.l(printf1.o)
    0x0800dd44   0x0800dd44   0x00000004   Code   RO         6349    x$fpl$printf2       g_wm.l(printf2.o)
    0x0800dd48   0x0800dd48   0x000000b2   Code   RO         6411    x$fpl$retnan        g_wm.l(retnan.o)
    0x0800ddfa   0x0800ddfa   0x0000007e   Code   RO         6355    x$fpl$trapveneer    g_wm.l(trapv.o)
    0x0800de78   0x0800de78   0x00000000   Code   RO         6357    x$fpl$usenofp       g_wm.l(usenofp.o)
    0x0800de78   0x0800de78   0x0000000a   Data   RO          383    .constdata          main.o
    0x0800de82   0x0800de82   0x00002f10   Data   RO         1108    .constdata          bsp_lcd.o
    0x08010d92   0x08010d92   0x00000002   PAD
    0x08010d94   0x08010d94   0x00000024   Data   RO         1262    .constdata          ws_drive_w25qxx.o
    0x08010db8   0x08010db8   0x000000ba   Data   RO         5437    .constdata          ff.o
    0x08010e72   0x08010e72   0x000004c0   Data   RO         5829    .constdata          ccsbcs.o
    0x08011332   0x08011332   0x00000002   PAD
    0x08011334   0x08011334   0x00000080   Data   RO         6076    .constdata          arm_cortexM4lf_math.lib(arm_common_tables.o)
    0x080113b4   0x080113b4   0x00000100   Data   RO         6077    .constdata          arm_cortexM4lf_math.lib(arm_common_tables.o)
    0x080114b4   0x080114b4   0x00000200   Data   RO         6078    .constdata          arm_cortexM4lf_math.lib(arm_common_tables.o)
    0x080116b4   0x080116b4   0x00000400   Data   RO         6079    .constdata          arm_cortexM4lf_math.lib(arm_common_tables.o)
    0x08011ab4   0x08011ab4   0x00000800   Data   RO         6080    .constdata          arm_cortexM4lf_math.lib(arm_common_tables.o)
    0x080122b4   0x080122b4   0x00001000   Data   RO         6081    .constdata          arm_cortexM4lf_math.lib(arm_common_tables.o)
    0x080132b4   0x080132b4   0x00002000   Data   RO         6082    .constdata          arm_cortexM4lf_math.lib(arm_common_tables.o)
    0x080152b4   0x080152b4   0x00004000   Data   RO         6083    .constdata          arm_cortexM4lf_math.lib(arm_common_tables.o)
    0x080192b4   0x080192b4   0x00000028   Data   RO         6105    .constdata          arm_cortexM4lf_math.lib(arm_common_tables.o)
    0x080192dc   0x080192dc   0x00000060   Data   RO         6106    .constdata          arm_cortexM4lf_math.lib(arm_common_tables.o)
    0x0801933c   0x0801933c   0x00000070   Data   RO         6107    .constdata          arm_cortexM4lf_math.lib(arm_common_tables.o)
    0x080193ac   0x080193ac   0x000001a0   Data   RO         6108    .constdata          arm_cortexM4lf_math.lib(arm_common_tables.o)
    0x0801954c   0x0801954c   0x00000370   Data   RO         6109    .constdata          arm_cortexM4lf_math.lib(arm_common_tables.o)
    0x080198bc   0x080198bc   0x00000380   Data   RO         6110    .constdata          arm_cortexM4lf_math.lib(arm_common_tables.o)
    0x08019c3c   0x08019c3c   0x00000e10   Data   RO         6111    .constdata          arm_cortexM4lf_math.lib(arm_common_tables.o)
    0x0801aa4c   0x0801aa4c   0x00001dc0   Data   RO         6112    .constdata          arm_cortexM4lf_math.lib(arm_common_tables.o)
    0x0801c80c   0x0801c80c   0x00000080   Data   RO         6123    .constdata          arm_cortexM4lf_math.lib(arm_common_tables.o)
    0x0801c88c   0x0801c88c   0x00000100   Data   RO         6124    .constdata          arm_cortexM4lf_math.lib(arm_common_tables.o)
    0x0801c98c   0x0801c98c   0x00000200   Data   RO         6125    .constdata          arm_cortexM4lf_math.lib(arm_common_tables.o)
    0x0801cb8c   0x0801cb8c   0x00000400   Data   RO         6126    .constdata          arm_cortexM4lf_math.lib(arm_common_tables.o)
    0x0801cf8c   0x0801cf8c   0x00000800   Data   RO         6127    .constdata          arm_cortexM4lf_math.lib(arm_common_tables.o)
    0x0801d78c   0x0801d78c   0x00001000   Data   RO         6128    .constdata          arm_cortexM4lf_math.lib(arm_common_tables.o)
    0x0801e78c   0x0801e78c   0x00002000   Data   RO         6129    .constdata          arm_cortexM4lf_math.lib(arm_common_tables.o)
    0x0802078c   0x0802078c   0x00004000   Data   RO         6130    .constdata          arm_cortexM4lf_math.lib(arm_common_tables.o)
    0x0802478c   0x0802478c   0x00000011   Data   RO         6212    .constdata          c_w.l(__printf_flags_ss_wp.o)
    0x0802479d   0x0802479d   0x00000003   PAD
    0x080247a0   0x080247a0   0x00000008   Data   RO         6276    .constdata          c_w.l(_printf_wctomb.o)
    0x080247a8   0x080247a8   0x00000028   Data   RO         6305    .constdata          c_w.l(_printf_hex_int_ll_ptr.o)
    0x080247d0   0x080247d0   0x00000026   Data   RO         6403    .constdata          c_w.l(_printf_fp_hex.o)
    0x080247f6   0x080247f6   0x00000002   PAD
    0x080247f8   0x080247f8   0x00000094   Data   RO         6428    .constdata          c_w.l(bigflt0.o)
    0x0802488c   0x0802488c   0x00000021   Data   RO         1263    .conststring        ws_drive_w25qxx.o
    0x080248ad   0x080248ad   0x00000003   PAD
    0x080248b0   0x080248b0   0x00000020   Data   RO         6602    Region$$Table       anon$$obj.o
    0x080248d0   0x080248d0   0x0000001c   Data   RO         6452    locale$$data        c_w.l(lc_numeric_c.o)
    0x080248ec   0x080248ec   0x00000110   Data   RO         6475    locale$$data        c_w.l(lc_ctype_c.o)


    Execution Region RW_IRAM1 (Exec base: 0x20000000, Load base: 0x080249fc, Size: 0x0002af60, Max: 0x00030000, ABSOLUTE, COMPRESSED[0x00000094])

    Exec Addr    Load Addr    Size         Type   Attr      Idx    E Section Name        Object

    0x20000000   COMPRESSED   0x00000004   Data   RW            7    .data               systick.o
    0x20000004   COMPRESSED   0x000000a9   Data   RW          384    .data               main.o
    0x200000ad   COMPRESSED   0x00000003   PAD
    0x200000b0   COMPRESSED   0x00000004   Data   RW          594    .data               bsp_led.o
    0x200000b4   COMPRESSED   0x00000010   Data   RW          628    .data               bsp_usart.o
    0x200000c4   COMPRESSED   0x00000024   Data   RW          855    .data               sdcard.o
    0x200000e8   COMPRESSED   0x00000001   Data   RW         1043    .data               bsp_sdcard.o
    0x200000e9   COMPRESSED   0x00000003   PAD
    0x200000ec   COMPRESSED   0x0000000c   Data   RW         1109    .data               bsp_lcd.o
    0x200000f8   COMPRESSED   0x00000002   Data   RW         1264    .data               ws_drive_w25qxx.o
    0x200000fa   COMPRESSED   0x00000002   PAD
    0x200000fc   COMPRESSED   0x00000008   Data   RW         1496    .data               fft.o
    0x20000104   COMPRESSED   0x00000001   Data   RW         1741    .data               bsp_adc.o
    0x20000105   COMPRESSED   0x00000003   PAD
    0x20000108   COMPRESSED   0x00000004   Data   RW         5268    .data               system_gd32f4xx.o
    0x2000010c   COMPRESSED   0x00000006   Data   RW         5438    .data               ff.o
    0x20000112   COMPRESSED   0x00000002   PAD
    0x20000114   COMPRESSED   0x00000018   Data   RW         5860    .data               sd_diskio.o
    0x2000012c   COMPRESSED   0x00000006   Data   RW         5908    .data               fatfs.o
    0x20000132   COMPRESSED   0x00000002   PAD
    0x20000134        -       0x00000040   Zero   RW          382    .bss                main.o
    0x20000174        -       0x00001500   Zero   RW          627    .bss                bsp_usart.o
    0x20001674        -       0x00000020   Zero   RW          854    .bss                sdcard.o
    0x20001694        -       0x00000048   Zero   RW         1042    .bss                bsp_sdcard.o
    0x200016dc        -       0x00000674   Zero   RW         1107    .bss                bsp_lcd.o
    0x20001d50        -       0x0000201d   Zero   RW         1261    .bss                ws_drive_w25qxx.o
    0x20003d6d        -       0x00000200   Zero   RW         1436    .bss                wb_core.o
    0x20003f6d   COMPRESSED   0x00000003   PAD
    0x20003f70        -       0x00020000   Zero   RW         1495    .bss                fft.o
    0x20023f70        -       0x00002710   Zero   RW         1740    .bss                bsp_adc.o
    0x20026680        -       0x00000018   Zero   RW         5436    .bss                ff.o
    0x20026698        -       0x0000000c   Zero   RW         5759    .bss                ff_gen_drv.o
    0x200266a4        -       0x0000045c   Zero   RW         5907    .bss                fatfs.o
    0x20026b00        -       0x00000060   Zero   RW         6414    .bss                c_w.l(libspace.o)
    0x20026b60        -       0x00000400   Zero   RW         5305    HEAP                startup_gd32f450_470.o
    0x20026f60        -       0x00004000   Zero   RW         5304    STACK               startup_gd32f450_470.o



  Load Region LR$$.ARM.__AT_0xC0000000 (Base: 0xc0000000, Size: 0x00000000, Max: 0x000bb800, ABSOLUTE)

    Execution Region ER$$.ARM.__AT_0xC0000000 (Exec base: 0xc0000000, Load base: 0xc0000000, Size: 0x000bb800, Max: 0x000bb800, ABSOLUTE, UNINIT)

    Exec Addr    Load Addr    Size         Type   Attr      Idx    E Section Name        Object

    0xc0000000        -       0x000bb800   Zero   RW         1105    .ARM.__AT_0xC0000000  bsp_lcd.o



  Load Region LR$$.ARM.__AT_0xC00BB800 (Base: 0xc00bb800, Size: 0x00000000, Max: 0x000bb800, ABSOLUTE)

    Execution Region ER$$.ARM.__AT_0xC00BB800 (Exec base: 0xc00bb800, Load base: 0xc00bb800, Size: 0x000bb800, Max: 0x000bb800, ABSOLUTE, UNINIT)

    Exec Addr    Load Addr    Size         Type   Attr      Idx    E Section Name        Object

    0xc00bb800        -       0x000bb800   Zero   RW         1106    .ARM.__AT_0xC00BB800  bsp_lcd.o


==============================================================================

Image component sizes


      Code (inc. data)   RO Data    RW Data    ZI Data      Debug   Object Name

       578         32          0          1      10000       3069   bsp_adc.o
       144         10          0          0          0        705   bsp_basic_timer.o
       212         22          0          0          0       2164   bsp_dac.o
        32          4          0          0          0        519   bsp_dma.o
       292         28          0          0          0       1161   bsp_key.o
      2772        212      12048         12    1537652      15568   bsp_lcd.o
       440         44          0          4          0       1154   bsp_led.o
       772        306          0          1         72       2150   bsp_sdcard.o
       188         10          0          0          0       2087   bsp_spi.o
       690         98          0         16       5376       5804   bsp_usart.o
       132         16       1216          0          0       1923   ccsbcs.o
       208         24          0          0          0       3741   diskio.o
       612         22          0          0          0       1340   exmc_sdram.o
        32         12          0          6       1116       1764   fatfs.o
      8590         94        186          6         24      44409   ff.o
       102          6          0          0         12       2323   ff_gen_drv.o
       508         50          0          8     131072      16963   fft.o
       508          8          0          0          0       7503   gd32f4xx_adc.o
       232         28          0          0          0       3763   gd32f4xx_dac.o
      1840          8          0          0          0      10211   gd32f4xx_dma.o
       396         26          0          0          0       5781   gd32f4xx_exmc.o
       216         14          0          0          0       1952   gd32f4xx_exti.o
       276          0          0          0          0       5744   gd32f4xx_gpio.o
       116         20          0          0          0      35357   gd32f4xx_it.o
       216         20          0          0          0       1512   gd32f4xx_misc.o
       952         68          0          0          0       7920   gd32f4xx_rcu.o
       580        122          0          0          0      14139   gd32f4xx_sdio.o
        88          0          0          0          0       3814   gd32f4xx_spi.o
       172          6          0          0          0        798   gd32f4xx_syscfg.o
      1308         52          0          0          0       8360   gd32f4xx_timer.o
       446         20          0          0          0       4100   gd32f4xx_tli.o
       698         18          0          0          0       9698   gd32f4xx_usart.o
      6808       1246         10        169         64      22676   main.o
       296         22          0         24          0       4256   sd_diskio.o
      5062        254          0         36         32      26288   sdcard.o
        64         26        428          0      17408        948   startup_gd32f450_470.o
         0          0          0          0          0        472   syscall.o
       460         28          0          4          0       2787   system_gd32f4xx.o
       164         24          0          4          0     141242   systick.o
       108         22          0          0        512       2892   wb_core.o
      2122        306         69          2       8221      17311   ws_drive_w25qxx.o

    ----------------------------------------------------------------------
     39482       3328      13996        308    1711564     446368   Object Totals
         0          0         32          0          0          0   (incl. Generated)
        50          0          7         15          3          0   (incl. Padding)

    ----------------------------------------------------------------------

      Code (inc. data)   RO Data    RW Data    ZI Data      Debug   Library Member Name

       192          0          0          0          0        528   arm_bitreversal2.o
      1826          0          0          0          0       3953   arm_cfft_f32.o
      1244          4          0          0          0       3087   arm_cfft_radix8_f32.o
       252          6          0          0          0      17504   arm_cmplx_mag_f32.o
         0          0      78936          0          0       4636   arm_common_tables.o
       402          0          0          0          0      15812   arm_rfft_fast_f32.o
       296         98          0          0          0       1225   arm_rfft_fast_init_f32.o
        44          6          0          0          0         84   __2sprintf.o
        90          0          0          0          0          0   __dczerorl2.o
         8          0          0          0          0         68   __main.o
       392          4         17          0          0         92   __printf_flags_ss_wp.o
        14          0          0          0          0         68   __printf_wp.o
         0          0          0          0          0          0   __rtentry.o
        12          0          0          0          0          0   __rtentry2.o
         6          0          0          0          0          0   __rtentry4.o
        52          8          0          0          0          0   __scatter.o
        28          0          0          0          0          0   __scatter_zi.o
        48          4          0          0          0         84   _fptrap.o
         6          0          0          0          0          0   _printf_a.o
         6          0          0          0          0          0   _printf_c.o
        44          0          0          0          0        108   _printf_char.o
        48          6          0          0          0         96   _printf_char_common.o
        40          0          0          0          0         68   _printf_charcount.o
         6          0          0          0          0          0   _printf_d.o
       120         16          0          0          0         92   _printf_dec.o
         6          0          0          0          0          0   _printf_e.o
         6          0          0          0          0          0   _printf_f.o
      1054          0          0          0          0        216   _printf_fp_dec.o
       764          8         38          0          0        100   _printf_fp_hex.o
       128         16          0          0          0         84   _printf_fp_infnan.o
         6          0          0          0          0          0   _printf_g.o
       148          4         40          0          0        160   _printf_hex_int_ll_ptr.o
         6          0          0          0          0          0   _printf_i.o
       178          0          0          0          0         88   _printf_intcommon.o
        10          0          0          0          0          0   _printf_l.o
         6          0          0          0          0          0   _printf_lc.o
        10          0          0          0          0          0   _printf_ll.o
         6          0          0          0          0          0   _printf_lld.o
         6          0          0          0          0          0   _printf_lli.o
         6          0          0          0          0          0   _printf_llo.o
         6          0          0          0          0          0   _printf_llu.o
         6          0          0          0          0          0   _printf_llx.o
       124         16          0          0          0         92   _printf_longlong_dec.o
         6          0          0          0          0          0   _printf_ls.o
         6          0          0          0          0          0   _printf_n.o
         6          0          0          0          0          0   _printf_o.o
       112         10          0          0          0        124   _printf_oct_int_ll.o
         6          0          0          0          0          0   _printf_p.o
        78          0          0          0          0        108   _printf_pad.o
         0          0          0          0          0          0   _printf_percent.o
         4          0          0          0          0          0   _printf_percent_end.o
         6          0          0          0          0          0   _printf_s.o
        82          0          0          0          0         80   _printf_str.o
        36          0          0          0          0         84   _printf_truncate.o
         6          0          0          0          0          0   _printf_u.o
        44          0          0          0          0        108   _printf_wchar.o
       188          6          8          0          0         92   _printf_wctomb.o
         6          0          0          0          0          0   _printf_x.o
        22          0          0          0          0        100   _rserrno.o
        10          0          0          0          0         68   _sputc.o
        64          0          0          0          0         92   _wcrtomb.o
       228          4        148          0          0         96   bigflt0.o
      1936        128          0          0          0        672   btod.o
        10          0          0          0          0         68   defsig_exit.o
       172        110          0          0          0         76   defsig_fpe_inner.o
        14          0          0          0          0         80   defsig_fpe_outer.o
        50          0          0          0          0         88   defsig_general.o
        18          0          0          0          0         80   exit.o
         6          0          0          0          0        152   heapauxi.o
         0          0          0          0          0          0   indicate_semi.o
        44         10        272          0          0         76   lc_ctype_c.o
        44         10         28          0          0         76   lc_numeric_c.o
         2          0          0          0          0          0   libinit.o
        34          0          0          0          0          0   libinit2.o
         2          0          0          0          0          0   libshutdown.o
         2          0          0          0          0          0   libshutdown2.o
         8          4          0          0         96         68   libspace.o
       138          0          0          0          0         80   lludiv10.o
        88          0          0          0          0         76   memcmp.o
        16          4          0          0          0         76   rt_ctype_table.o
         8          4          0          0          0         68   rt_errno_addr_intlibspace.o
         8          4          0          0          0         68   rt_locale_intlibspace.o
        78          0          0          0          0         80   rt_memclr_w.o
       138          0          0          0          0         68   rt_memcpy_v6.o
       100          0          0          0          0         80   rt_memcpy_w.o
         2          0          0          0          0          0   rtexit.o
        10          0          0          0          0          0   rtexit2.o
       128          0          0          0          0         68   strcmpv7m.o
        62          0          0          0          0         76   strlen.o
        12          4          0          0          0         68   sys_exit.o
        74          0          0          0          0         80   sys_stackheap_outer.o
        14          0          0          0          0         76   sys_wrch.o
         2          0          0          0          0         68   use_no_semi.o
        36          4          0          0          0         76   vsprintf.o
       708         16          0          0          0        140   d2f_clz.o
       892        152          0          0          0        292   ddiv_clz.o
        64          0          0          0          0        232   dflt_clz.o
       448         16          0          0          0        164   dmul_clz.o
       258          4          0          0          0        156   dnaninf.o
       112          0          0          0          0        160   drenorm_clz.o
        12          0          0          0          0        116   dretinf.o
       378          0          0          0          0        168   dunder_clz.o
       492         36          0          0          0        148   except.o
       122          8          0          0          0        132   f2d.o
       242          4          0          0          0        144   fnaninf.o
        10          0          0          0          0        116   fpinit.o
        10          0          0          0          0        116   fretinf.o
       316          0          0          0          0        132   funder_clz.o
        32          4          0          0          0        116   istatus.o
         4          0          0          0          0        116   printf1.o
         4          0          0          0          0        116   printf2.o
       178          0          0          0          0        116   retnan.o
       126          0          0          0          0        148   trapv.o
         0          0          0          0          0          0   usenofp.o
       684         90          0          0          0        208   atan2f.o
        48          0          0          0          0        124   fpclassify.o
        38          0          0          0          0        116   fpclassifyf.o
        22          6          0          0          0        232   funder.o

    ----------------------------------------------------------------------
     17042        834      79492          0         96      55249   Library Totals
        24          0          5          0          0          0   (incl. Padding)

    ----------------------------------------------------------------------

      Code (inc. data)   RO Data    RW Data    ZI Data      Debug   Library Name

      4212        108      78936          0          0      46745   arm_cortexM4lf_math.lib
      7606        390        551          0         96       4996   c_w.l
      4408        240          0          0          0       2828   g_wm.l
       792         96          0          0          0        680   m_wm.l

    ----------------------------------------------------------------------
     17042        834      79492          0         96      55249   Library Totals

    ----------------------------------------------------------------------

==============================================================================


      Code (inc. data)   RO Data    RW Data    ZI Data      Debug   

     56524       4162      93488        308    1711660     465909   Grand Totals
     56524       4162      93488        148    1711660     465909   ELF Image Totals (compressed)
     56524       4162      93488        148          0          0   ROM Totals

==============================================================================

    Total RO  Size (Code + RO Data)               150012 ( 146.50kB)
    Total RW  Size (RW Data + ZI Data)           1711968 (1671.84kB)
    Total ROM Size (Code + RO Data + RW Data)     150160 ( 146.64kB)

==============================================================================

